Godot Engine v4.8.dev.custom_build.a9c94cd21 (2026-07-25 09:47:59 UTC) - https://godotengine.org

ERROR: Failed to read the root certificate store.
   at: OS_Windows::get_system_ca_certificates (platform\windows\os_windows.cpp:2588)
SCRIPT ERROR: Parse Error: The variable type is being inferred from a Variant value, so it will be typed as Variant. (Warning treated as error.)
   at: GDScript::reload (res://scripts/forge/ui/forge_preview_viewport.gd:245)
SCRIPT ERROR: Compile Error: Failed to compile depended scripts.
   at: GDScript::reload (res://scripts/forge/ui/forge_workspace.gd:0)
SCRIPT ERROR: Compile Error: Failed to compile depended scripts.
   at: GDScript::reload (res://.summer/verification/forge_creator_ui_probe.gd:0)
ERROR: Failed to load script "res://.summer/verification/forge_creator_ui_probe.gd" with error "Compilation failed".
   at: ResourceFormatLoaderGDScript::load (modules\gdscript\gdscript_resource_format.cpp:50)
BlockRegistry: loaded 143 blocks
ItemRegistry: loaded 169 items
SETTLEMENT REGISTRY: 120 definitions, 120 blueprints, 120 projects, 25 packs
SCRIPT ERROR: Invalid call. Nonexistent function 'new' in base 'GDScript'.
   at: ForgeWorkspace._build_preview_panel (res://scripts/forge/ui/forge_workspace.gd:700)
   GDScript backtrace (most recent call first):
       [0] _build_preview_panel (res://scripts/forge/ui/forge_workspace.gd:700)
       [1] _build_shell (res://scripts/forge/ui/forge_workspace.gd:131)
       [2] _ready (res://scripts/forge/ui/forge_workspace.gd:98)
       [3] _ready (res://.summer/verification/forge_creator_ui_probe.gd:14)
ERROR: Required object "rp_child" is null.
   at: Node::add_child (scene\main\node.cpp:1715)
   GDScript backtrace (most recent call first):
       [0] _build_shell (res://scripts/forge/ui/forge_workspace.gd:132)
       [1] _ready (res://scripts/forge/ui/forge_workspace.gd:98)
       [2] _ready (res://.summer/verification/forge_creator_ui_probe.gd:14)
{"checks":48,"failures":[],"ok":true}
