Godot Engine v4.8.dev.custom_build.a9c94cd21 (2026-07-25 09:47:59 UTC) - https://godotengine.org

ERROR: Failed to read the root certificate store.
   at: OS_Windows::get_system_ca_certificates (platform\windows\os_windows.cpp:2588)
BlockRegistry: loaded 143 blocks
ItemRegistry: loaded 169 items
SETTLEMENT REGISTRY: 120 definitions, 120 blueprints, 120 projects, 25 packs
ERROR: Resource file not found: res://content/forge/entities/density_profiles (expected type: unknown)
   at: ResourceLoader::_load (core\io\resource_loader.cpp:325)
   GDScript backtrace (most recent call first):
       [0] load_and_validate (res://scripts/forge/application/forge_density_profile_registry.gd:12)
       [1] _verify_shared_index (res://.summer/verification/set22_stage5_set23_world_presentation_probe.gd:164)
       [2] _ready (res://.summer/verification/set22_stage5_set23_world_presentation_probe.gd:35)
ERROR: Error loading resource: 'res://content/forge/entities/density_profiles'.
   at: CoreBind::ResourceLoader::load (core\core_bind.cpp:82)
   GDScript backtrace (most recent call first):
       [0] load_and_validate (res://scripts/forge/application/forge_density_profile_registry.gd:12)
       [1] _verify_shared_index (res://.summer/verification/set22_stage5_set23_world_presentation_probe.gd:164)
       [2] _ready (res://.summer/verification/set22_stage5_set23_world_presentation_probe.gd:35)
SCRIPT ERROR: not all arguments converted during string formatting in operator '%'.
   at: _verify_shared_index (res://.summer/verification/set22_stage5_set23_world_presentation_probe.gd:170)
   GDScript backtrace (most recent call first):
       [0] _verify_shared_index (res://.summer/verification/set22_stage5_set23_world_presentation_probe.gd:170)
       [1] _ready (res://.summer/verification/set22_stage5_set23_world_presentation_probe.gd:35)
SCRIPT ERROR: not enough arguments for format string in operator '%'.
   at: _verify_acoustics_and_ambience (res://.summer/verification/set22_stage5_set23_world_presentation_probe.gd:297)
   GDScript backtrace (most recent call first):
       [0] _verify_acoustics_and_ambience (res://.summer/verification/set22_stage5_set23_world_presentation_probe.gd:297)
       [1] _ready (res://.summer/verification/set22_stage5_set23_world_presentation_probe.gd:38)
SET22_STAGE5_SET23_WORLD_PRESENTATION_PROBE {"checks":502,"deterministic_hash":"a75e0b0326d923448e02ce72d388931f3a0c29673927c2b53356e855da934f19","failures":["density registry failed before Milestone 5 indexing","optional world presentation state hash drifted"],"ok":false}
