Godot Engine v4.8.dev.custom_build.a9c94cd21 (2026-07-25 09:47:59 UTC) - https://godotengine.org

ERROR: Failed to read the root certificate store.
   at: OS_Windows::get_system_ca_certificates (platform\windows\os_windows.cpp:2588)
BlockRegistry: loaded 143 blocks
ItemRegistry: loaded 169 items
SETTLEMENT REGISTRY: 120 definitions, 120 blueprints, 120 projects, 25 packs
ERROR: Cannot open file 'res://content/forge/presentation/set23/user/audio/sound_source_synth_probe_approval.previous.tres'.
   at: ResourceFormatLoaderText::load (scene\resources\resource_format_text.cpp:1442)
   GDScript backtrace (most recent call first):
       [0] _index_foundation_source (res://scripts/forge/application/forge_asset_index.gd:178)
       [1] _scan_foundation_directory (res://scripts/forge/application/forge_asset_index.gd:169)
       [2] _scan_foundation_directory (res://scripts/forge/application/forge_asset_index.gd:166)
       [3] _scan_foundation_directory (res://scripts/forge/application/forge_asset_index.gd:166)
       [4] load_and_validate (res://scripts/forge/application/forge_asset_index.gd:89)
       [5] load_and_validate (res://scripts/forge/application/forge_presentation_workspace_service.gd:20)
       [6] _ensure_presentation_workspace (res://scripts/forge/ui/forge_workspace.gd:3302)
       [7] _show_structures_hub (res://scripts/forge/ui/forge_workspace.gd:1137)
       [8] open_section (res://scripts/forge/ui/forge_workspace.gd:378)
       [9] _test_workspace_and_persistence (res://.summer/verification/forge_mvp_probe.gd:1148)
ERROR: Failed loading resource: res://content/forge/presentation/set23/user/audio/sound_source_synth_probe_approval.previous.tres.
   at: ResourceLoader::_load (core\io\resource_loader.cpp:317)
   GDScript backtrace (most recent call first):
       [0] _index_foundation_source (res://scripts/forge/application/forge_asset_index.gd:178)
       [1] _scan_foundation_directory (res://scripts/forge/application/forge_asset_index.gd:169)
       [2] _scan_foundation_directory (res://scripts/forge/application/forge_asset_index.gd:166)
       [3] _scan_foundation_directory (res://scripts/forge/application/forge_asset_index.gd:166)
       [4] load_and_validate (res://scripts/forge/application/forge_asset_index.gd:89)
       [5] load_and_validate (res://scripts/forge/application/forge_presentation_workspace_service.gd:20)
       [6] _ensure_presentation_workspace (res://scripts/forge/ui/forge_workspace.gd:3302)
       [7] _show_structures_hub (res://scripts/forge/ui/forge_workspace.gd:1137)
       [8] open_section (res://scripts/forge/ui/forge_workspace.gd:378)
       [9] _test_workspace_and_persistence (res://.summer/verification/forge_mvp_probe.gd:1148)
ERROR: Error loading resource: 'res://content/forge/presentation/set23/user/audio/sound_source_synth_probe_approval.previous.tres'.
   at: CoreBind::ResourceLoader::load (core\core_bind.cpp:82)
   GDScript backtrace (most recent call first):
       [0] _index_foundation_source (res://scripts/forge/application/forge_asset_index.gd:178)
       [1] _scan_foundation_directory (res://scripts/forge/application/forge_asset_index.gd:169)
       [2] _scan_foundation_directory (res://scripts/forge/application/forge_asset_index.gd:166)
       [3] _scan_foundation_directory (res://scripts/forge/application/forge_asset_index.gd:166)
       [4] load_and_validate (res://scripts/forge/application/forge_asset_index.gd:89)
       [5] load_and_validate (res://scripts/forge/application/forge_presentation_workspace_service.gd:20)
       [6] _ensure_presentation_workspace (res://scripts/forge/ui/forge_workspace.gd:3302)
       [7] _show_structures_hub (res://scripts/forge/ui/forge_workspace.gd:1137)
       [8] open_section (res://scripts/forge/ui/forge_workspace.gd:378)
       [9] _test_workspace_and_persistence (res://.summer/verification/forge_mvp_probe.gd:1148)
ERROR: Cannot open file 'res://content/forge/presentation/set23/user/audio/sound_source_synth_probe_approval.tres'.
   at: ResourceFormatLoaderText::load (scene\resources\resource_format_text.cpp:1442)
   GDScript backtrace (most recent call first):
       [0] _index_foundation_source (res://scripts/forge/application/forge_asset_index.gd:178)
       [1] _scan_foundation_directory (res://scripts/forge/application/forge_asset_index.gd:169)
       [2] _scan_foundation_directory (res://scripts/forge/application/forge_asset_index.gd:166)
       [3] _scan_foundation_directory (res://scripts/forge/application/forge_asset_index.gd:166)
       [4] load_and_validate (res://scripts/forge/application/forge_asset_index.gd:89)
       [5] load_and_validate (res://scripts/forge/application/forge_presentation_workspace_service.gd:20)
       [6] _ensure_presentation_workspace (res://scripts/forge/ui/forge_workspace.gd:3302)
       [7] _show_structures_hub (res://scripts/forge/ui/forge_workspace.gd:1137)
       [8] open_section (res://scripts/forge/ui/forge_workspace.gd:378)
       [9] _test_workspace_and_persistence (res://.summer/verification/forge_mvp_probe.gd:1148)
ERROR: Failed loading resource: res://content/forge/presentation/set23/user/audio/sound_source_synth_probe_approval.tres.
   at: ResourceLoader::_load (core\io\resource_loader.cpp:317)
   GDScript backtrace (most recent call first):
       [0] _index_foundation_source (res://scripts/forge/application/forge_asset_index.gd:178)
       [1] _scan_foundation_directory (res://scripts/forge/application/forge_asset_index.gd:169)
       [2] _scan_foundation_directory (res://scripts/forge/application/forge_asset_index.gd:166)
       [3] _scan_foundation_directory (res://scripts/forge/application/forge_asset_index.gd:166)
       [4] load_and_validate (res://scripts/forge/application/forge_asset_index.gd:89)
       [5] load_and_validate (res://scripts/forge/application/forge_presentation_workspace_service.gd:20)
       [6] _ensure_presentation_workspace (res://scripts/forge/ui/forge_workspace.gd:3302)
       [7] _show_structures_hub (res://scripts/forge/ui/forge_workspace.gd:1137)
       [8] open_section (res://scripts/forge/ui/forge_workspace.gd:378)
       [9] _test_workspace_and_persistence (res://.summer/verification/forge_mvp_probe.gd:1148)
ERROR: Error loading resource: 'res://content/forge/presentation/set23/user/audio/sound_source_synth_probe_approval.tres'.
   at: CoreBind::ResourceLoader::load (core\core_bind.cpp:82)
   GDScript backtrace (most recent call first):
       [0] _index_foundation_source (res://scripts/forge/application/forge_asset_index.gd:178)
       [1] _scan_foundation_directory (res://scripts/forge/application/forge_asset_index.gd:169)
       [2] _scan_foundation_directory (res://scripts/forge/application/forge_asset_index.gd:166)
       [3] _scan_foundation_directory (res://scripts/forge/application/forge_asset_index.gd:166)
       [4] load_and_validate (res://scripts/forge/application/forge_asset_index.gd:89)
       [5] load_and_validate (res://scripts/forge/application/forge_presentation_workspace_service.gd:20)
       [6] _ensure_presentation_workspace (res://scripts/forge/ui/forge_workspace.gd:3302)
       [7] _show_structures_hub (res://scripts/forge/ui/forge_workspace.gd:1137)
       [8] open_section (res://scripts/forge/ui/forge_workspace.gd:378)
       [9] _test_workspace_and_persistence (res://.summer/verification/forge_mvp_probe.gd:1148)
FORGE_MVP_PROBE {"checks":965,"failures":[],"ok":true}
