Godot Engine v4.8.dev.custom_build.a9c94cd21 (2026-07-25 09:47:59 UTC) - https://godotengine.org

ERROR: Failed to read the root certificate store.
   at: OS_Windows::get_system_ca_certificates (platform\windows\os_windows.cpp:2588)
BlockRegistry: loaded 143 blocks
ItemRegistry: loaded 162 items
ProductionCatalogue: compiled 372 definitions (2b4a4da74c2b)
SETTLEMENT REGISTRY: 120 definitions, 120 blueprints, 120 projects, 25 packs
VoxelWorld: seed -2147483648, plan world.profile.living_frontier_regional:v4:0758a566, prepared spawn column
VoxelWorld: seed -1, plan world.profile.living_frontier_regional:v4:72587719, prepared spawn column
VoxelWorld: seed 0, plan world.profile.living_frontier_regional:v4:1eaae1ec, prepared spawn column
VoxelWorld: seed 1, plan world.profile.living_frontier_regional:v4:117ddd40, prepared spawn column
VoxelWorld: seed 2147483647, plan world.profile.living_frontier_regional:v4:65528f4b, prepared spawn column
VoxelWorld: seed 969169052, plan world.profile.living_frontier_regional:v4:18e6753d, prepared spawn column
VoxelWorld: seed 421981835, plan world.profile.living_frontier_regional:v4:27d554d9, prepared spawn column
VoxelWorld: seed 1290957195, plan world.profile.living_frontier_regional:v4:43f88cc9, prepared spawn column
VoxelWorld: seed -2147483648, plan world.profile.living_frontier_regional:v4:0758a566, prepared spawn column
VoxelWorld: seed -1, plan world.profile.living_frontier_regional:v4:72587719, prepared spawn column
VoxelWorld: seed 0, plan world.profile.living_frontier_regional:v4:1eaae1ec, prepared spawn column
VoxelWorld: seed 1, plan world.profile.living_frontier_regional:v4:117ddd40, prepared spawn column
VoxelWorld: seed 2147483647, plan world.profile.living_frontier_regional:v4:65528f4b, prepared spawn column
VoxelWorld: seed 969169052, plan world.profile.living_frontier_regional:v4:18e6753d, prepared spawn column
VoxelWorld: seed 421981835, plan world.profile.living_frontier_regional:v4:27d554d9, prepared spawn column
VoxelWorld: seed 1290957195, plan world.profile.living_frontier_regional:v4:43f88cc9, prepared spawn column
VoxelWorld: seed 23063, plan world.profile.living_frontier_regional:v4:3735d9d4, prepared spawn column
VoxelWorld: seed 23063, plan world.profile.living_frontier_regional:v4:3735d9d4, prepared spawn column
CURRENT_WORLDGEN_RUNTIME_PROBE {"checks":51,"failures":[],"ok":true,"runtime_worlds":8}
