Refreshing project import cache
Godot Engine v4.8.dev.custom_build.a9c94cd21 (2026-07-25 09:47:59 UTC) - https://godotengine.org

ERROR: Failed to read the root certificate store.
   at: OS_Windows::get_system_ca_certificates (platform\windows\os_windows.cpp:2588)
[   0% ] [90m[1mfirst_scan_filesystem[22m | Started Project initialization (5 steps)[39m[0m
[   0% ] [90m[1mfirst_scan_filesystem[22m | Scanning file structure...[39m[0m
[  16% ] [90m[1mfirst_scan_filesystem[22m | Loading global class names...[39m[0m
[  33% ] [90m[1mfirst_scan_filesystem[22m | Verifying GDExtensions...[39m[0m
[  50% ] [90m[1mfirst_scan_filesystem[22m | Creating autoload scripts...[39m[0m
[  66% ] [90m[1mfirst_scan_filesystem[22m | Initializing plugins...[39m[0m
[  83% ] [90m[1mfirst_scan_filesystem[22m | Starting file scan...[39m[0m
[92m[ DONE ][39m [1mfirst_scan_filesystem[22m
[0m
[   0% ] [90m[1mupdate_scripts_classes[22m | Started Registering global classes... (272 steps)[39m[0m
[   0% ] [90m[1mupdate_scripts_classes[22m | [39m[0m
[   0% ] [90m[1mupdate_scripts_classes[22m | [39m[0m
[   0% ] [90m[1mupdate_scripts_classes[22m | VillageProgressionQuestGuide[39m[0m
[   1% ] [90m[1mupdate_scripts_classes[22m | [39m[0m
[   1% ] [90m[1mupdate_scripts_classes[22m | [39m[0m
[   1% ] [90m[1mupdate_scripts_classes[22m | [39m[0m
[   2% ] [90m[1mupdate_scripts_classes[22m | [39m[0m
[   2% ] [90m[1mupdate_scripts_classes[22m | [39m[0m
[   2% ] [90m[1mupdate_scripts_classes[22m | [39m[0m
[   3% ] [90m[1mupdate_scripts_classes[22m | [39m[0m
[   3% ] [90m[1mupdate_scripts_classes[22m | [39m[0m
[   4% ] [90m[1mupdate_scripts_classes[22m | [39m[0m
[   4% ] [90m[1mupdate_scripts_classes[22m | [39m[0m
[   4% ] [90m[1mupdate_scripts_classes[22m | [39m[0m
[   5% ] [90m[1mupdate_scripts_classes[22m | [39m[0m
[   5% ] [90m[1mupdate_scripts_classes[22m | [39m[0m
[   5% ] [90m[1mupdate_scripts_classes[22m | [39m[0m
[   6% ] [90m[1mupdate_scripts_classes[22m | [39m[0m
[   6% ] [90m[1mupdate_scripts_classes[22m | [39m[0m
[   6% ] [90m[1mupdate_scripts_classes[22m | [39m[0m
[   7% ] [90m[1mupdate_scripts_classes[22m | [39m[0m
[   7% ] [90m[1mupdate_scripts_classes[22m | [39m[0m
[   8% ] [90m[1mupdate_scripts_classes[22m | [39m[0m
[   8% ] [90m[1mupdate_scripts_classes[22m | [39m[0m
[   8% ] [90m[1mupdate_scripts_classes[22m | [39m[0m
[   9% ] [90m[1mupdate_scripts_classes[22m | [39m[0m
[   9% ] [90m[1mupdate_scripts_classes[22m | ProductionRegistryKernel[39m[0m
[   9% ] [90m[1mupdate_scripts_classes[22m | SaveCoordinator[39m[0m
[  10% ] [90m[1mupdate_scripts_classes[22m | ForgeAccessPolicy[39m[0m
[  10% ] [90m[1mupdate_scripts_classes[22m | ForgeAssetIndex[39m[0m
[  10% ] [90m[1mupdate_scripts_classes[22m | ForgeAudioImportService[39m[0m
[  11% ] [90m[1mupdate_scripts_classes[22m | ForgeAudioTransformService[39m[0m
[  11% ] [90m[1mupdate_scripts_classes[22m | ForgeAuthoringDocumentService[39m[0m
[  12% ] [90m[1mupdate_scripts_classes[22m | ForgeAuthoringSession[39m[0m
[  12% ] [90m[1mupdate_scripts_classes[22m | ForgeAuthoringTypeDescriptor[39m[0m
[  12% ] [90m[1mupdate_scripts_classes[22m | ForgeAuthoringTypeRegistry[39m[0m
[  13% ] [90m[1mupdate_scripts_classes[22m | ForgeAutosaveService[39m[0m
[  13% ] [90m[1mupdate_scripts_classes[22m | ForgeBlueprintRuntimeValidationService[39m[0m
[  13% ] [90m[1mupdate_scripts_classes[22m | ForgeBodyGraphService[39m[0m
[  14% ] [90m[1mupdate_scripts_classes[22m | ForgeCommandService[39m[0m
[  14% ] [90m[1mupdate_scripts_classes[22m | ForgeConnectionResolver[39m[0m
[  15% ] [90m[1mupdate_scripts_classes[22m | ForgeCoverageLedgerService[39m[0m
[  15% ] [90m[1mupdate_scripts_classes[22m | ForgeDensityProfileRegistry[39m[0m
[  15% ] [90m[1mupdate_scripts_classes[22m | ForgeDependencyGraph[39m[0m
[  16% ] [90m[1mupdate_scripts_classes[22m | ForgeDocumentService[39m[0m
[  16% ] [90m[1mupdate_scripts_classes[22m | ForgeEntityAnimationValidationService[39m[0m
[  16% ] [90m[1mupdate_scripts_classes[22m | ForgeEntityPreviewManifestService[39m[0m
[  17% ] [90m[1mupdate_scripts_classes[22m | ForgeFoundationValidationService[39m[0m
[  17% ] [90m[1mupdate_scripts_classes[22m | ForgeGuideStateEvaluator[39m[0m
[  17% ] [90m[1mupdate_scripts_classes[22m | ForgeId[39m[0m
[  18% ] [90m[1mupdate_scripts_classes[22m | ForgeMigrationService[39m[0m
[  18% ] [90m[1mupdate_scripts_classes[22m | ForgeModularStructureValidationService[39m[0m
[  19% ] [90m[1mupdate_scripts_classes[22m | ForgeOverrideResolver[39m[0m
[  19% ] [90m[1mupdate_scripts_classes[22m | ForgePerformanceBudget[39m[0m
[  19% ] [90m[1mupdate_scripts_classes[22m | ForgePresentationProductionValidationService[39m[0m
[  20% ] [90m[1mupdate_scripts_classes[22m | ForgePresentationValidationService[39m[0m
[  20% ] [90m[1mupdate_scripts_classes[22m | ForgePresentationWorkspaceService[39m[0m
[  20% ] [90m[1mupdate_scripts_classes[22m | ForgeProjectManifestService[39m[0m
[  21% ] [90m[1mupdate_scripts_classes[22m | ForgeRegistryBridge[39m[0m
[  21% ] [90m[1mupdate_scripts_classes[22m | ForgeRuntimeAssemblyValidationService[39m[0m
[  21% ] [90m[1mupdate_scripts_classes[22m | ForgeSchemaRegistry[39m[0m
[  22% ] [90m[1mupdate_scripts_classes[22m | ForgeSemanticRegistry[39m[0m
[  22% ] [90m[1mupdate_scripts_classes[22m | ForgeStructureVoxelValidationService[39m[0m
[  23% ] [90m[1mupdate_scripts_classes[22m | ForgeTemplateService[39m[0m
[  23% ] [90m[1mupdate_scripts_classes[22m | ForgeValidationService[39m[0m
[  23% ] [90m[1mupdate_scripts_classes[22m | ForgeVisualStudioSwitches[39m[0m
[  24% ] [90m[1mupdate_scripts_classes[22m | ForgeAnimationBaker[39m[0m
[  24% ] [90m[1mupdate_scripts_classes[22m | ForgeBakeService[39m[0m
[  24% ] [90m[1mupdate_scripts_classes[22m | ForgeBlueprintCompiler[39m[0m
[  25% ] [90m[1mupdate_scripts_classes[22m | ForgeCreatorBakeService[39m[0m
[  25% ] [90m[1mupdate_scripts_classes[22m | ForgeIconBaker[39m[0m
[  26% ] [90m[1mupdate_scripts_classes[22m | ForgeMeshBaker[39m[0m
[  26% ] [90m[1mupdate_scripts_classes[22m | ForgeProceduralAudioBaker[39m[0m
[  26% ] [90m[1mupdate_scripts_classes[22m | ForgeSoundPlanCompiler[39m[0m
[  27% ] [90m[1mupdate_scripts_classes[22m | ForgeSurfaceBaker[39m[0m
[  27% ] [90m[1mupdate_scripts_classes[22m | ForgeVfxGraphCompiler[39m[0m
[  27% ] [90m[1mupdate_scripts_classes[22m | ForgeVoxelFrameBaker[39m[0m
[  28% ] [90m[1mupdate_scripts_classes[22m | ForgeAccessibilityProfile[39m[0m
[  28% ] [90m[1mupdate_scripts_classes[22m | ForgeAcousticProfile[39m[0m
[  28% ] [90m[1mupdate_scripts_classes[22m | ForgeAcousticZoneGraph[39m[0m
[  29% ] [90m[1mupdate_scripts_classes[22m | ForgeAmbiencePlan[39m[0m
[  29% ] [90m[1mupdate_scripts_classes[22m | ForgeAnimationEventMarker[39m[0m
[  30% ] [90m[1mupdate_scripts_classes[22m | ForgeAnimationSet[39m[0m
[  30% ] [90m[1mupdate_scripts_classes[22m | ForgeApprovalBatchManifest[39m[0m
[  30% ] [90m[1mupdate_scripts_classes[22m | ForgeAssetDefinition[39m[0m
[  31% ] [90m[1mupdate_scripts_classes[22m | ForgeAudioFamily[39m[0m
[  31% ] [90m[1mupdate_scripts_classes[22m | ForgeBakeManifest[39m[0m
[  31% ] [90m[1mupdate_scripts_classes[22m | ForgeBlueprintConnectorDefinition[39m[0m
[  32% ] [90m[1mupdate_scripts_classes[22m | ForgeBlueprintDefinition[39m[0m
[  32% ] [90m[1mupdate_scripts_classes[22m | ForgeBlueprintElement[39m[0m
[  32% ] [90m[1mupdate_scripts_classes[22m | ForgeBlueprintInstanceSnapshot[39m[0m
[  33% ] [90m[1mupdate_scripts_classes[22m | ForgeBlueprintMaterialRoleSet[39m[0m
[  33% ] [90m[1mupdate_scripts_classes[22m | ForgeBlueprintModuleDefinition[39m[0m
[  34% ] [90m[1mupdate_scripts_classes[22m | ForgeBlueprintModuleSet[39m[0m
[  34% ] [90m[1mupdate_scripts_classes[22m | ForgeBlueprintRuntimeProduct[39m[0m
[  34% ] [90m[1mupdate_scripts_classes[22m | ForgeBlueprintStateDefinition[39m[0m
[  35% ] [90m[1mupdate_scripts_classes[22m | ForgeBodyPartDefinition[39m[0m
[  35% ] [90m[1mupdate_scripts_classes[22m | ForgeBodyPlanDefinition[39m[0m
[  35% ] [90m[1mupdate_scripts_classes[22m | ForgeCanonicalRuntimeProduct[39m[0m
[  36% ] [90m[1mupdate_scripts_classes[22m | ForgeCollisionProfile[39m[0m
[  36% ] [90m[1mupdate_scripts_classes[22m | ForgeCompiledSoundPlan[39m[0m
[  36% ] [90m[1mupdate_scripts_classes[22m | ForgeCompiledVfxProduct[39m[0m
[  37% ] [90m[1mupdate_scripts_classes[22m | ForgeConstructionDelta[39m[0m
[  37% ] [90m[1mupdate_scripts_classes[22m | ForgeContentPackManifest[39m[0m
[  38% ] [90m[1mupdate_scripts_classes[22m | ForgeCreatorBakeReceipt[39m[0m
[  38% ] [90m[1mupdate_scripts_classes[22m | ForgeDensityProfile[39m[0m
[  38% ] [90m[1mupdate_scripts_classes[22m | ForgeDiagnostic[39m[0m
[  39% ] [90m[1mupdate_scripts_classes[22m | ForgeEntityAnimationClip[39m[0m
[  39% ] [90m[1mupdate_scripts_classes[22m | ForgeEntityAnimationLibrary[39m[0m
[  39% ] [90m[1mupdate_scripts_classes[22m | ForgeEntityAssemblyProfile[39m[0m
[  40% ] [90m[1mupdate_scripts_classes[22m | ForgeEntityDefinition[39m[0m
[  40% ] [90m[1mupdate_scripts_classes[22m | ForgeEntityPresentation[39m[0m
[  41% ] [90m[1mupdate_scripts_classes[22m | ForgeEntityVariantProfile[39m[0m
[  41% ] [90m[1mupdate_scripts_classes[22m | ForgeEquipmentFitProfile[39m[0m
[  41% ] [90m[1mupdate_scripts_classes[22m | ForgeFootprintProfile[39m[0m
[  42% ] [90m[1mupdate_scripts_classes[22m | ForgeFootPlacementProfile[39m[0m
[  42% ] [90m[1mupdate_scripts_classes[22m | ForgeGameplayProxyProfile[39m[0m
[  42% ] [90m[1mupdate_scripts_classes[22m | ForgeMaterialDefinition[39m[0m
[  43% ] [90m[1mupdate_scripts_classes[22m | ForgeMaterialResponseTable[39m[0m
[  43% ] [90m[1mupdate_scripts_classes[22m | ForgeMigrationRecord[39m[0m
[  43% ] [90m[1mupdate_scripts_classes[22m | ForgeMixSnapshot[39m[0m
[  44% ] [90m[1mupdate_scripts_classes[22m | ForgeOverrideDefinition[39m[0m
[  44% ] [90m[1mupdate_scripts_classes[22m | ForgePaintPatternDefinition[39m[0m
[  45% ] [90m[1mupdate_scripts_classes[22m | ForgePaletteDefinition[39m[0m
[  45% ] [90m[1mupdate_scripts_classes[22m | ForgePartDefinition[39m[0m
[  45% ] [90m[1mupdate_scripts_classes[22m | ForgePersistentSurfaceRecord[39m[0m
[  46% ] [90m[1mupdate_scripts_classes[22m | ForgePlacementProfile[39m[0m
[  46% ] [90m[1mupdate_scripts_classes[22m | ForgePresentationBinding[39m[0m
[  46% ] [90m[1mupdate_scripts_classes[22m | ForgePresentationBudgetProfile[39m[0m
[  47% ] [90m[1mupdate_scripts_classes[22m | ForgePresentationContextSchema[39m[0m
[  47% ] [90m[1mupdate_scripts_classes[22m | ForgePresentationContract[39m[0m
[  47% ] [90m[1mupdate_scripts_classes[22m | ForgePresentationDefinition[39m[0m
[  48% ] [90m[1mupdate_scripts_classes[22m | ForgePresentationEventContract[39m[0m
[  48% ] [90m[1mupdate_scripts_classes[22m | ForgePresentationLibraryManifest[39m[0m
[  49% ] [90m[1mupdate_scripts_classes[22m | ForgePresentationParameterContract[39m[0m
[  49% ] [90m[1mupdate_scripts_classes[22m | ForgePresentationProfile[39m[0m
[  49% ] [90m[1mupdate_scripts_classes[22m | ForgePresentationStateContract[39m[0m
[  50% ] [90m[1mupdate_scripts_classes[22m | ForgePresentationTestScenario[39m[0m
[  50% ] [90m[1mupdate_scripts_classes[22m | ForgeProceduralStructureProduct[39m[0m
[  50% ] [90m[1mupdate_scripts_classes[22m | ForgeProceduralStructureRuleSet[39m[0m
[  51% ] [90m[1mupdate_scripts_classes[22m | ForgeProjectManifest[39m[0m
[  51% ] [90m[1mupdate_scripts_classes[22m | ForgeRetargetMap[39m[0m
[  52% ] [90m[1mupdate_scripts_classes[22m | ForgeRigJointDefinition[39m[0m
[  52% ] [90m[1mupdate_scripts_classes[22m | ForgeRigProfile[39m[0m
[  52% ] [90m[1mupdate_scripts_classes[22m | ForgeRigRoleBinding[39m[0m
[  53% ] [90m[1mupdate_scripts_classes[22m | ForgeRuntimeContactRecord[39m[0m
[  53% ] [90m[1mupdate_scripts_classes[22m | ForgeRuntimePackage[39m[0m
[  53% ] [90m[1mupdate_scripts_classes[22m | ForgeRuntimeRegistryGeneration[39m[0m
[  54% ] [90m[1mupdate_scripts_classes[22m | ForgeSocketDefinition[39m[0m
[  54% ] [90m[1mupdate_scripts_classes[22m | ForgeSoundEvent[39m[0m
[  54% ] [90m[1mupdate_scripts_classes[22m | ForgeSoundSource[39m[0m
[  55% ] [90m[1mupdate_scripts_classes[22m | ForgeSpatialAudioProfile[39m[0m
[  55% ] [90m[1mupdate_scripts_classes[22m | ForgeSpatialMap[39m[0m
[  56% ] [90m[1mupdate_scripts_classes[22m | ForgeSpatialReference[39m[0m
[  56% ] [90m[1mupdate_scripts_classes[22m | ForgeStableRecord[39m[0m
[  56% ] [90m[1mupdate_scripts_classes[22m | ForgeStateBindingDefinition[39m[0m
[  57% ] [90m[1mupdate_scripts_classes[22m | ForgeStructureVoxelCell[39m[0m
[  57% ] [90m[1mupdate_scripts_classes[22m | ForgeStructureVoxelSource[39m[0m
[  57% ] [90m[1mupdate_scripts_classes[22m | ForgeSurfaceLayer[39m[0m
[  58% ] [90m[1mupdate_scripts_classes[22m | ForgeSurfaceSet[39m[0m
[  58% ] [90m[1mupdate_scripts_classes[22m | ForgeSynthPatchDefinition[39m[0m
[  58% ] [90m[1mupdate_scripts_classes[22m | ForgeVariantSet[39m[0m
[  59% ] [90m[1mupdate_scripts_classes[22m | ForgeVfxDefinition[39m[0m
[  59% ] [90m[1mupdate_scripts_classes[22m | ForgeVfxFamily[39m[0m
[  60% ] [90m[1mupdate_scripts_classes[22m | ForgeVfxForm[39m[0m
[  60% ] [90m[1mupdate_scripts_classes[22m | ForgeVfxGraph[39m[0m
[  60% ] [90m[1mupdate_scripts_classes[22m | ForgeVoxelFrameClip[39m[0m
[  61% ] [90m[1mupdate_scripts_classes[22m | ForgeVoxelVolume[39m[0m
[  61% ] [90m[1mupdate_scripts_classes[22m | ForgeAcousticRuntimeService[39m[0m
[  61% ] [90m[1mupdate_scripts_classes[22m | ForgeBlueprintPlacementService[39m[0m
[  62% ] [90m[1mupdate_scripts_classes[22m | ForgeBlueprintRuntimeAssembler[39m[0m
[  62% ] [90m[1mupdate_scripts_classes[22m | ForgeBlueprintRuntimeInstance[39m[0m
[  63% ] [90m[1mupdate_scripts_classes[22m | ForgeCreatorRuntimeRegistry[39m[0m
[  63% ] [90m[1mupdate_scripts_classes[22m | ForgeEntityAnimationRuntime[39m[0m
[  63% ] [90m[1mupdate_scripts_classes[22m | ForgeEntityAppearanceResolver[39m[0m
[  64% ] [90m[1mupdate_scripts_classes[22m | ForgeEquipmentFittingService[39m[0m
[  64% ] [90m[1mupdate_scripts_classes[22m | ForgeFootPlacementService[39m[0m
[  64% ] [90m[1mupdate_scripts_classes[22m | ForgeGameplayProxyAdapter[39m[0m
[  65% ] [90m[1mupdate_scripts_classes[22m | ForgeMaterialResponseResolver[39m[0m
[  65% ] [90m[1mupdate_scripts_classes[22m | ForgeMultiListenerPresentationService[39m[0m
[  65% ] [90m[1mupdate_scripts_classes[22m | ForgePersistentSurfaceStore[39m[0m
[  66% ] [90m[1mupdate_scripts_classes[22m | ForgePresentationBindingResolver[39m[0m
[  66% ] [90m[1mupdate_scripts_classes[22m | ForgePresentationBudgetManager[39m[0m
[  67% ] [90m[1mupdate_scripts_classes[22m | ForgePresentationContextBuilder[39m[0m
[  67% ] [90m[1mupdate_scripts_classes[22m | ForgePresentationEventGateway[39m[0m
[  67% ] [90m[1mupdate_scripts_classes[22m | ForgePresentationReplicationService[39m[0m
[  68% ] [90m[1mupdate_scripts_classes[22m | ForgePresentationStressHarness[39m[0m
[  68% ] [90m[1mupdate_scripts_classes[22m | ForgePresentationTestLaboratory[39m[0m
[  68% ] [90m[1mupdate_scripts_classes[22m | ForgePresentationTraceRecorder[39m[0m
[  69% ] [90m[1mupdate_scripts_classes[22m | ForgeProceduralStructureAssembler[39m[0m
[  69% ] [90m[1mupdate_scripts_classes[22m | [39m[0m
[  69% ] [90m[1mupdate_scripts_classes[22m | ForgeRuntimeActor[39m[0m
[  70% ] [90m[1mupdate_scripts_classes[22m | ForgeRuntimeActorFactory[39m[0m
[  70% ] [90m[1mupdate_scripts_classes[22m | ForgeRuntimeEffects[39m[0m
[  71% ] [90m[1mupdate_scripts_classes[22m | ForgeRuntimePresentationDispatcher[39m[0m
[  71% ] [90m[1mupdate_scripts_classes[22m | ForgeRuntimeRegistryPublisher[39m[0m
[  71% ] [90m[1mupdate_scripts_classes[22m | ForgeSemanticRigAdapter[39m[0m
[  72% ] [90m[1mupdate_scripts_classes[22m | ForgeSoundRuntimeManager[39m[0m
[  72% ] [90m[1mupdate_scripts_classes[22m | ForgeSpatialResolver[39m[0m
[  72% ] [90m[1mupdate_scripts_classes[22m | ForgeStateAdapter[39m[0m
[  73% ] [90m[1mupdate_scripts_classes[22m | ForgeVfxRuntimeManager[39m[0m
[  73% ] [90m[1mupdate_scripts_classes[22m | ForgeWorldPresentationStateService[39m[0m
[  73% ] [90m[1mupdate_scripts_classes[22m | [39m[0m
[  74% ] [90m[1mupdate_scripts_classes[22m | [39m[0m
[  74% ] [90m[1mupdate_scripts_classes[22m | [39m[0m
[  75% ] [90m[1mupdate_scripts_classes[22m | [39m[0m
[  75% ] [90m[1mupdate_scripts_classes[22m | [39m[0m
[  75% ] [90m[1mupdate_scripts_classes[22m | [39m[0m
[  76% ] [90m[1mupdate_scripts_classes[22m | [39m[0m
[  76% ] [90m[1mupdate_scripts_classes[22m | [39m[0m
[  76% ] [90m[1mupdate_scripts_classes[22m | [39m[0m
[  77% ] [90m[1mupdate_scripts_classes[22m | [39m[0m
[  77% ] [90m[1mupdate_scripts_classes[22m | [39m[0m
[  78% ] [90m[1mupdate_scripts_classes[22m | [39m[0m
[  78% ] [90m[1mupdate_scripts_classes[22m | [39m[0m
[  78% ] [90m[1mupdate_scripts_classes[22m | [39m[0m
[  79% ] [90m[1mupdate_scripts_classes[22m | ForgeAnimationTimeline[39m[0m
[  79% ] [90m[1mupdate_scripts_classes[22m | ForgeCreatorStudioPanel[39m[0m
[  79% ] [90m[1mupdate_scripts_classes[22m | ForgeEditorHostLayout[39m[0m
[  80% ] [90m[1mupdate_scripts_classes[22m | ForgeNavigationCatalog[39m[0m
[  80% ] [90m[1mupdate_scripts_classes[22m | ForgePixelCanvas[39m[0m
[  80% ] [90m[1mupdate_scripts_classes[22m | ForgePreviewViewport[39m[0m
[  81% ] [90m[1mupdate_scripts_classes[22m | ForgeReferencePicker[39m[0m
[  81% ] [90m[1mupdate_scripts_classes[22m | [39m[0m
[  82% ] [90m[1mupdate_scripts_classes[22m | ForgeScenarioComposer[39m[0m
[  82% ] [90m[1mupdate_scripts_classes[22m | ForgeSectionBackdrop[39m[0m
[  82% ] [90m[1mupdate_scripts_classes[22m | ForgeSectionGuides[39m[0m
[  83% ] [90m[1mupdate_scripts_classes[22m | ForgeSpatialAudioCanvas[39m[0m
[  83% ] [90m[1mupdate_scripts_classes[22m | ForgeStructureVoxelBuilder[39m[0m
[  83% ] [90m[1mupdate_scripts_classes[22m | ForgeSynthEnvelopeCanvas[39m[0m
[  84% ] [90m[1mupdate_scripts_classes[22m | ForgeVfxGraphCanvas[39m[0m
[  84% ] [90m[1mupdate_scripts_classes[22m | ForgeVisualTheme[39m[0m
[  84% ] [90m[1mupdate_scripts_classes[22m | ForgeVoxel3DCanvas[39m[0m
[  85% ] [90m[1mupdate_scripts_classes[22m | ForgeVoxelSliceCanvas[39m[0m
[  85% ] [90m[1mupdate_scripts_classes[22m | ForgeWaveformPreview[39m[0m
[  86% ] [90m[1mupdate_scripts_classes[22m | ForgeWorkspace[39m[0m
[  86% ] [90m[1mupdate_scripts_classes[22m | Player[39m[0m
[  86% ] [90m[1mupdate_scripts_classes[22m | [39m[0m
[  87% ] [90m[1mupdate_scripts_classes[22m | SettlementPlanEngine[39m[0m
[  87% ] [90m[1mupdate_scripts_classes[22m | SettlementProfessionEngine[39m[0m
[  87% ] [90m[1mupdate_scripts_classes[22m | SettlementRecords[39m[0m
[  88% ] [90m[1mupdate_scripts_classes[22m | SettlementSchemaMigration[39m[0m
[  88% ] [90m[1mupdate_scripts_classes[22m | SettlementServiceEngine[39m[0m
[  89% ] [90m[1mupdate_scripts_classes[22m | SettlementSimulationEngine[39m[0m
[  89% ] [90m[1mupdate_scripts_classes[22m | SettlementSimulationRules[39m[0m
[  89% ] [90m[1mupdate_scripts_classes[22m | SettlementTerrainPlanner[39m[0m
[  90% ] [90m[1mupdate_scripts_classes[22m | Hud[39m[0m
[  90% ] [90m[1mupdate_scripts_classes[22m | InventorySlotButton[39m[0m
[  90% ] [90m[1mupdate_scripts_classes[22m | LocalMapView[39m[0m
[  91% ] [90m[1mupdate_scripts_classes[22m | [39m[0m
[  91% ] [90m[1mupdate_scripts_classes[22m | StackIconRenderer[39m[0m
[  91% ] [90m[1mupdate_scripts_classes[22m | HumanoidVisual[39m[0m
[  92% ] [90m[1mupdate_scripts_classes[22m | ItemModelFactory[39m[0m
[  92% ] [90m[1mupdate_scripts_classes[22m | AmbientGoblinActor[39m[0m
[  93% ] [90m[1mupdate_scripts_classes[22m | AutomationSystem[39m[0m
[  93% ] [90m[1mupdate_scripts_classes[22m | Chunk[39m[0m
[  93% ] [90m[1mupdate_scripts_classes[22m | [39m[0m
[  94% ] [90m[1mupdate_scripts_classes[22m | GoblinActor[39m[0m
[  94% ] [90m[1mupdate_scripts_classes[22m | HamletNpcActor[39m[0m
[  94% ] [90m[1mupdate_scripts_classes[22m | HamletRuntime[39m[0m
[  95% ] [90m[1mupdate_scripts_classes[22m | MagicSystem[39m[0m
[  95% ] [90m[1mupdate_scripts_classes[22m | MobSpawnVolume[39m[0m
[  95% ] [90m[1mupdate_scripts_classes[22m | RaidRuntime[39m[0m
[  96% ] [90m[1mupdate_scripts_classes[22m | SettlementSitePreview[39m[0m
[  96% ] [90m[1mupdate_scripts_classes[22m | SettlementWorksiteVisual[39m[0m
[  97% ] [90m[1mupdate_scripts_classes[22m | ValleyPlan[39m[0m
[  97% ] [90m[1mupdate_scripts_classes[22m | VoxelWorld[39m[0m
[  97% ] [90m[1mupdate_scripts_classes[22m | [39m[0m
[  98% ] [90m[1mupdate_scripts_classes[22m | WorldItemDrop[39m[0m
[  98% ] [90m[1mupdate_scripts_classes[22m | WorldManifest[39m[0m
[  98% ] [90m[1mupdate_scripts_classes[22m | WorldStructurePlanner[39m[0m
[  99% ] [90m[1mupdate_scripts_classes[22m | [39m[0m
[92m[ DONE ][39m [1mupdate_scripts_classes[22m
[0m
[   0% ] [90m[1m_update_scan_actions[22m | Started Scanning actions... (198 steps)[39m[0m
[   0% ] [90m[1m_update_scan_actions[22m | audio.svg[39m[0m
[   0% ] [90m[1m_update_scan_actions[22m | characters.svg[39m[0m
[   1% ] [90m[1m_update_scan_actions[22m | delivery.svg[39m[0m
[   1% ] [90m[1m_update_scan_actions[22m | home.svg[39m[0m
[   2% ] [90m[1m_update_scan_actions[22m | items.svg[39m[0m
[   2% ] [90m[1m_update_scan_actions[22m | library.svg[39m[0m
[   3% ] [90m[1m_update_scan_actions[22m | structures.svg[39m[0m
[   3% ] [90m[1m_update_scan_actions[22m | vfx.svg[39m[0m
[   4% ] [90m[1m_update_scan_actions[22m | icon.png[39m[0m
[   4% ] [90m[1m_update_scan_actions[22m | icon.png[39m[0m
[   5% ] [90m[1m_update_scan_actions[22m | icon.png[39m[0m
[   5% ] [90m[1m_update_scan_actions[22m | icon.png[39m[0m
[   6% ] [90m[1m_update_scan_actions[22m | icon.png[39m[0m
[   6% ] [90m[1m_update_scan_actions[22m | icon.png[39m[0m
[   7% ] [90m[1m_update_scan_actions[22m | icon.png[39m[0m
[   7% ] [90m[1m_update_scan_actions[22m | icon.png[39m[0m
[   8% ] [90m[1m_update_scan_actions[22m | icon.png[39m[0m
[   8% ] [90m[1m_update_scan_actions[22m | icon.png[39m[0m
[   9% ] [90m[1m_update_scan_actions[22m | bottom.png[39m[0m
[   9% ] [90m[1m_update_scan_actions[22m | east.png[39m[0m
[  10% ] [90m[1m_update_scan_actions[22m | icon.png[39m[0m
[  10% ] [90m[1m_update_scan_actions[22m | north.png[39m[0m
[  11% ] [90m[1m_update_scan_actions[22m | south.png[39m[0m
[  11% ] [90m[1m_update_scan_actions[22m | top.png[39m[0m
[  12% ] [90m[1m_update_scan_actions[22m | west.png[39m[0m
[  12% ] [90m[1m_update_scan_actions[22m | bottom.png[39m[0m
[  13% ] [90m[1m_update_scan_actions[22m | east.png[39m[0m
[  13% ] [90m[1m_update_scan_actions[22m | icon.png[39m[0m
[  14% ] [90m[1m_update_scan_actions[22m | north.png[39m[0m
[  14% ] [90m[1m_update_scan_actions[22m | south.png[39m[0m
[  15% ] [90m[1m_update_scan_actions[22m | top.png[39m[0m
[  15% ] [90m[1m_update_scan_actions[22m | west.png[39m[0m
[  16% ] [90m[1m_update_scan_actions[22m | bottom.png[39m[0m
[  16% ] [90m[1m_update_scan_actions[22m | east.png[39m[0m
[  17% ] [90m[1m_update_scan_actions[22m | icon.png[39m[0m
[  17% ] [90m[1m_update_scan_actions[22m | north.png[39m[0m
[  18% ] [90m[1m_update_scan_actions[22m | south.png[39m[0m
[  18% ] [90m[1m_update_scan_actions[22m | top.png[39m[0m
[  19% ] [90m[1m_update_scan_actions[22m | west.png[39m[0m
[  19% ] [90m[1m_update_scan_actions[22m | bottom.png[39m[0m
[  20% ] [90m[1m_update_scan_actions[22m | east.png[39m[0m
[  20% ] [90m[1m_update_scan_actions[22m | icon.png[39m[0m
[  21% ] [90m[1m_update_scan_actions[22m | north.png[39m[0m
[  21% ] [90m[1m_update_scan_actions[22m | south.png[39m[0m
[  22% ] [90m[1m_update_scan_actions[22m | top.png[39m[0m
[  22% ] [90m[1m_update_scan_actions[22m | west.png[39m[0m
[  23% ] [90m[1m_update_scan_actions[22m | bottom.png[39m[0m
[  23% ] [90m[1m_update_scan_actions[22m | east.png[39m[0m
[  24% ] [90m[1m_update_scan_actions[22m | icon.png[39m[0m
[  24% ] [90m[1m_update_scan_actions[22m | north.png[39m[0m
[  25% ] [90m[1m_update_scan_actions[22m | south.png[39m[0m
[  25% ] [90m[1m_update_scan_actions[22m | top.png[39m[0m
[  26% ] [90m[1m_update_scan_actions[22m | west.png[39m[0m
[  26% ] [90m[1m_update_scan_actions[22m | bottom.png[39m[0m
[  27% ] [90m[1m_update_scan_actions[22m | east.png[39m[0m
[  27% ] [90m[1m_update_scan_actions[22m | icon.png[39m[0m
[  28% ] [90m[1m_update_scan_actions[22m | north.png[39m[0m
[  28% ] [90m[1m_update_scan_actions[22m | south.png[39m[0m
[  29% ] [90m[1m_update_scan_actions[22m | top.png[39m[0m
[  29% ] [90m[1m_update_scan_actions[22m | west.png[39m[0m
[  30% ] [90m[1m_update_scan_actions[22m | bottom.png[39m[0m
[  30% ] [90m[1m_update_scan_actions[22m | east.png[39m[0m
[  31% ] [90m[1m_update_scan_actions[22m | icon.png[39m[0m
[  31% ] [90m[1m_update_scan_actions[22m | north.png[39m[0m
[  32% ] [90m[1m_update_scan_actions[22m | south.png[39m[0m
[  32% ] [90m[1m_update_scan_actions[22m | top.png[39m[0m
[  33% ] [90m[1m_update_scan_actions[22m | west.png[39m[0m
[  33% ] [90m[1m_update_scan_actions[22m | icon.png[39m[0m
[  34% ] [90m[1m_update_scan_actions[22m | icon.png[39m[0m
[  34% ] [90m[1m_update_scan_actions[22m | icon.png[39m[0m
[  35% ] [90m[1m_update_scan_actions[22m | icon.png[39m[0m
[  35% ] [90m[1m_update_scan_actions[22m | icon.png[39m[0m
[  36% ] [90m[1m_update_scan_actions[22m | icon.png[39m[0m
[  36% ] [90m[1m_update_scan_actions[22m | icon.png[39m[0m
[  37% ] [90m[1m_update_scan_actions[22m | icon.png[39m[0m
[  37% ] [90m[1m_update_scan_actions[22m | icon.png[39m[0m
[  38% ] [90m[1m_update_scan_actions[22m | icon.png[39m[0m
[  38% ] [90m[1m_update_scan_actions[22m | icon.png[39m[0m
[  39% ] [90m[1m_update_scan_actions[22m | icon.png[39m[0m
[  39% ] [90m[1m_update_scan_actions[22m | icon.png[39m[0m
[  40% ] [90m[1m_update_scan_actions[22m | icon.png[39m[0m
[  40% ] [90m[1m_update_scan_actions[22m | icon.png[39m[0m
[  41% ] [90m[1m_update_scan_actions[22m | icon.png[39m[0m
[  41% ] [90m[1m_update_scan_actions[22m | icon.png[39m[0m
[  42% ] [90m[1m_update_scan_actions[22m | icon.png[39m[0m
[  42% ] [90m[1m_update_scan_actions[22m | icon.png[39m[0m
[  43% ] [90m[1m_update_scan_actions[22m | icon.png[39m[0m
[  43% ] [90m[1m_update_scan_actions[22m | icon.png[39m[0m
[  44% ] [90m[1m_update_scan_actions[22m | icon.png[39m[0m
[  44% ] [90m[1m_update_scan_actions[22m | bottom.png[39m[0m
[  45% ] [90m[1m_update_scan_actions[22m | east.png[39m[0m
[  45% ] [90m[1m_update_scan_actions[22m | icon.png[39m[0m
[  46% ] [90m[1m_update_scan_actions[22m | north.png[39m[0m
[  46% ] [90m[1m_update_scan_actions[22m | south.png[39m[0m
[  47% ] [90m[1m_update_scan_actions[22m | top.png[39m[0m
[  47% ] [90m[1m_update_scan_actions[22m | west.png[39m[0m
[  48% ] [90m[1m_update_scan_actions[22m | bottom.png[39m[0m
[  48% ] [90m[1m_update_scan_actions[22m | east.png[39m[0m
[  49% ] [90m[1m_update_scan_actions[22m | icon.png[39m[0m
[  49% ] [90m[1m_update_scan_actions[22m | north.png[39m[0m
[  50% ] [90m[1m_update_scan_actions[22m | south.png[39m[0m
[  50% ] [90m[1m_update_scan_actions[22m | top.png[39m[0m
[  51% ] [90m[1m_update_scan_actions[22m | west.png[39m[0m
[  51% ] [90m[1m_update_scan_actions[22m | bottom.png[39m[0m
[  52% ] [90m[1m_update_scan_actions[22m | east.png[39m[0m
[  52% ] [90m[1m_update_scan_actions[22m | icon.png[39m[0m
[  53% ] [90m[1m_update_scan_actions[22m | north.png[39m[0m
[  53% ] [90m[1m_update_scan_actions[22m | south.png[39m[0m
[  54% ] [90m[1m_update_scan_actions[22m | top.png[39m[0m
[  54% ] [90m[1m_update_scan_actions[22m | west.png[39m[0m
[  55% ] [90m[1m_update_scan_actions[22m | bottom.png[39m[0m
[  55% ] [90m[1m_update_scan_actions[22m | east.png[39m[0m
[  56% ] [90m[1m_update_scan_actions[22m | icon.png[39m[0m
[  56% ] [90m[1m_update_scan_actions[22m | north.png[39m[0m
[  57% ] [90m[1m_update_scan_actions[22m | south.png[39m[0m
[  57% ] [90m[1m_update_scan_actions[22m | top.png[39m[0m
[  58% ] [90m[1m_update_scan_actions[22m | west.png[39m[0m
[  58% ] [90m[1m_update_scan_actions[22m | bottom.png[39m[0m
[  59% ] [90m[1m_update_scan_actions[22m | east.png[39m[0m
[  59% ] [90m[1m_update_scan_actions[22m | icon.png[39m[0m
[  60% ] [90m[1m_update_scan_actions[22m | north.png[39m[0m
[  60% ] [90m[1m_update_scan_actions[22m | south.png[39m[0m
[  61% ] [90m[1m_update_scan_actions[22m | top.png[39m[0m
[  61% ] [90m[1m_update_scan_actions[22m | west.png[39m[0m
[  62% ] [90m[1m_update_scan_actions[22m | bottom.png[39m[0m
[  62% ] [90m[1m_update_scan_actions[22m | east.png[39m[0m
[  63% ] [90m[1m_update_scan_actions[22m | icon.png[39m[0m
[  63% ] [90m[1m_update_scan_actions[22m | north.png[39m[0m
[  64% ] [90m[1m_update_scan_actions[22m | south.png[39m[0m
[  64% ] [90m[1m_update_scan_actions[22m | top.png[39m[0m
[  65% ] [90m[1m_update_scan_actions[22m | west.png[39m[0m
[  65% ] [90m[1m_update_scan_actions[22m | bottom.png[39m[0m
[  66% ] [90m[1m_update_scan_actions[22m | east.png[39m[0m
[  66% ] [90m[1m_update_scan_actions[22m | icon.png[39m[0m
[  67% ] [90m[1m_update_scan_actions[22m | north.png[39m[0m
[  67% ] [90m[1m_update_scan_actions[22m | south.png[39m[0m
[  68% ] [90m[1m_update_scan_actions[22m | top.png[39m[0m
[  68% ] [90m[1m_update_scan_actions[22m | west.png[39m[0m
[  69% ] [90m[1m_update_scan_actions[22m | bottom.png[39m[0m
[  69% ] [90m[1m_update_scan_actions[22m | east.png[39m[0m
[  70% ] [90m[1m_update_scan_actions[22m | icon.png[39m[0m
[  70% ] [90m[1m_update_scan_actions[22m | north.png[39m[0m
[  71% ] [90m[1m_update_scan_actions[22m | south.png[39m[0m
[  71% ] [90m[1m_update_scan_actions[22m | top.png[39m[0m
[  72% ] [90m[1m_update_scan_actions[22m | west.png[39m[0m
[  72% ] [90m[1m_update_scan_actions[22m | bottom.png[39m[0m
[  73% ] [90m[1m_update_scan_actions[22m | east.png[39m[0m
[  73% ] [90m[1m_update_scan_actions[22m | icon.png[39m[0m
[  74% ] [90m[1m_update_scan_actions[22m | north.png[39m[0m
[  74% ] [90m[1m_update_scan_actions[22m | south.png[39m[0m
[  75% ] [90m[1m_update_scan_actions[22m | top.png[39m[0m
[  75% ] [90m[1m_update_scan_actions[22m | west.png[39m[0m
[  76% ] [90m[1m_update_scan_actions[22m | bottom.png[39m[0m
[  76% ] [90m[1m_update_scan_actions[22m | east.png[39m[0m
[  77% ] [90m[1m_update_scan_actions[22m | icon.png[39m[0m
[  77% ] [90m[1m_update_scan_actions[22m | north.png[39m[0m
[  78% ] [90m[1m_update_scan_actions[22m | south.png[39m[0m
[  78% ] [90m[1m_update_scan_actions[22m | top.png[39m[0m
[  79% ] [90m[1m_update_scan_actions[22m | west.png[39m[0m
[  79% ] [90m[1m_update_scan_actions[22m | bottom.png[39m[0m
[  80% ] [90m[1m_update_scan_actions[22m | east.png[39m[0m
[  80% ] [90m[1m_update_scan_actions[22m | icon.png[39m[0m
[  81% ] [90m[1m_update_scan_actions[22m | north.png[39m[0m
[  81% ] [90m[1m_update_scan_actions[22m | south.png[39m[0m
[  82% ] [90m[1m_update_scan_actions[22m | top.png[39m[0m
[  82% ] [90m[1m_update_scan_actions[22m | west.png[39m[0m
[  83% ] [90m[1m_update_scan_actions[22m | bottom.png[39m[0m
[  83% ] [90m[1m_update_scan_actions[22m | east.png[39m[0m
[  84% ] [90m[1m_update_scan_actions[22m | icon.png[39m[0m
[  84% ] [90m[1m_update_scan_actions[22m | north.png[39m[0m
[  85% ] [90m[1m_update_scan_actions[22m | south.png[39m[0m
[  85% ] [90m[1m_update_scan_actions[22m | top.png[39m[0m
[  86% ] [90m[1m_update_scan_actions[22m | west.png[39m[0m
[  86% ] [90m[1m_update_scan_actions[22m | bottom.png[39m[0m
[  87% ] [90m[1m_update_scan_actions[22m | east.png[39m[0m
[  87% ] [90m[1m_update_scan_actions[22m | icon.png[39m[0m
[  88% ] [90m[1m_update_scan_actions[22m | north.png[39m[0m
[  88% ] [90m[1m_update_scan_actions[22m | south.png[39m[0m
[  89% ] [90m[1m_update_scan_actions[22m | top.png[39m[0m
[  89% ] [90m[1m_update_scan_actions[22m | west.png[39m[0m
[  90% ] [90m[1m_update_scan_actions[22m | bottom.png[39m[0m
[  90% ] [90m[1m_update_scan_actions[22m | east.png[39m[0m
[  91% ] [90m[1m_update_scan_actions[22m | icon.png[39m[0m
[  91% ] [90m[1m_update_scan_actions[22m | north.png[39m[0m
[  92% ] [90m[1m_update_scan_actions[22m | south.png[39m[0m
[  92% ] [90m[1m_update_scan_actions[22m | top.png[39m[0m
[  93% ] [90m[1m_update_scan_actions[22m | west.png[39m[0m
[  93% ] [90m[1m_update_scan_actions[22m | icon.png[39m[0m
[  94% ] [90m[1m_update_scan_actions[22m | icon.png[39m[0m
[  94% ] [90m[1m_update_scan_actions[22m | bottom.png[39m[0m
[  95% ] [90m[1m_update_scan_actions[22m | east.png[39m[0m
[  95% ] [90m[1m_update_scan_actions[22m | icon.png[39m[0m
[  96% ] [90m[1m_update_scan_actions[22m | north.png[39m[0m
[  96% ] [90m[1m_update_scan_actions[22m | south.png[39m[0m
[  97% ] [90m[1m_update_scan_actions[22m | top.png[39m[0m
[  97% ] [90m[1m_update_scan_actions[22m | west.png[39m[0m
[  98% ] [90m[1m_update_scan_actions[22m | icon.png[39m[0m
[  98% ] [90m[1m_update_scan_actions[22m | icon.svg[39m[0m
[92m[ DONE ][39m [1m_update_scan_actions[22m
[0m
[   0% ] [90m[1mreimport[22m | Started (Re)Importing Assets (198 steps)[39m[0m
[   0% ] [90m[1mreimport[22m | Preparing files to reimport...[39m[0m
[   0% ] [90m[1mreimport[22m | Preparing files to reimport...[39m[0m
[   1% ] [90m[1mreimport[22m | Preparing files to reimport...[39m[0m
[   1% ] [90m[1mreimport[22m | Preparing files to reimport...[39m[0m
[   2% ] [90m[1mreimport[22m | Preparing files to reimport...[39m[0m
[   2% ] [90m[1mreimport[22m | Preparing files to reimport...[39m[0m
[   3% ] [90m[1mreimport[22m | Preparing files to reimport...[39m[0m
[   3% ] [90m[1mreimport[22m | Preparing files to reimport...[39m[0m
[   4% ] [90m[1mreimport[22m | Preparing files to reimport...[39m[0m
[   4% ] [90m[1mreimport[22m | Preparing files to reimport...[39m[0m
[   5% ] [90m[1mreimport[22m | Preparing files to reimport...[39m[0m
[   5% ] [90m[1mreimport[22m | Preparing files to reimport...[39m[0m
[   6% ] [90m[1mreimport[22m | Preparing files to reimport...[39m[0m
[   6% ] [90m[1mreimport[22m | Preparing files to reimport...[39m[0m
[   7% ] [90m[1mreimport[22m | Preparing files to reimport...[39m[0m
[   7% ] [90m[1mreimport[22m | Preparing files to reimport...[39m[0m
[   8% ] [90m[1mreimport[22m | Preparing files to reimport...[39m[0m
[   8% ] [90m[1mreimport[22m | Preparing files to reimport...[39m[0m
[   9% ] [90m[1mreimport[22m | Preparing files to reimport...[39m[0m
[   9% ] [90m[1mreimport[22m | Preparing files to reimport...[39m[0m
[  10% ] [90m[1mreimport[22m | Preparing files to reimport...[39m[0m
[  10% ] [90m[1mreimport[22m | Preparing files to reimport...[39m[0m
[  11% ] [90m[1mreimport[22m | Preparing files to reimport...[39m[0m
[  11% ] [90m[1mreimport[22m | Preparing files to reimport...[39m[0m
[  12% ] [90m[1mreimport[22m | Preparing files to reimport...[39m[0m
[  12% ] [90m[1mreimport[22m | Preparing files to reimport...[39m[0m
[  13% ] [90m[1mreimport[22m | Preparing files to reimport...[39m[0m
[  13% ] [90m[1mreimport[22m | Preparing files to reimport...[39m[0m
[  14% ] [90m[1mreimport[22m | Preparing files to reimport...[39m[0m
[  14% ] [90m[1mreimport[22m | Preparing files to reimport...[39m[0m
[  15% ] [90m[1mreimport[22m | Preparing files to reimport...[39m[0m
[  15% ] [90m[1mreimport[22m | Preparing files to reimport...[39m[0m
[  16% ] [90m[1mreimport[22m | Preparing files to reimport...[39m[0m
[  16% ] [90m[1mreimport[22m | Preparing files to reimport...[39m[0m
[  17% ] [90m[1mreimport[22m | Preparing files to reimport...[39m[0m
[  17% ] [90m[1mreimport[22m | Preparing files to reimport...[39m[0m
[  18% ] [90m[1mreimport[22m | Preparing files to reimport...[39m[0m
[  18% ] [90m[1mreimport[22m | Preparing files to reimport...[39m[0m
[  19% ] [90m[1mreimport[22m | Preparing files to reimport...[39m[0m
[  19% ] [90m[1mreimport[22m | Preparing files to reimport...[39m[0m
[  20% ] [90m[1mreimport[22m | Preparing files to reimport...[39m[0m
[  20% ] [90m[1mreimport[22m | Preparing files to reimport...[39m[0m
[  21% ] [90m[1mreimport[22m | Preparing files to reimport...[39m[0m
[  21% ] [90m[1mreimport[22m | Preparing files to reimport...[39m[0m
[  22% ] [90m[1mreimport[22m | Preparing files to reimport...[39m[0m
[  22% ] [90m[1mreimport[22m | Preparing files to reimport...[39m[0m
[  23% ] [90m[1mreimport[22m | Preparing files to reimport...[39m[0m
[  23% ] [90m[1mreimport[22m | Preparing files to reimport...[39m[0m
[  24% ] [90m[1mreimport[22m | Preparing files to reimport...[39m[0m
[  24% ] [90m[1mreimport[22m | Preparing files to reimport...[39m[0m
[  25% ] [90m[1mreimport[22m | Preparing files to reimport...[39m[0m
[  25% ] [90m[1mreimport[22m | Preparing files to reimport...[39m[0m
[  26% ] [90m[1mreimport[22m | Preparing files to reimport...[39m[0m
[  26% ] [90m[1mreimport[22m | Preparing files to reimport...[39m[0m
[  27% ] [90m[1mreimport[22m | Preparing files to reimport...[39m[0m
[  27% ] [90m[1mreimport[22m | Preparing files to reimport...[39m[0m
[  28% ] [90m[1mreimport[22m | Preparing files to reimport...[39m[0m
[  28% ] [90m[1mreimport[22m | Preparing files to reimport...[39m[0m
[  29% ] [90m[1mreimport[22m | Preparing files to reimport...[39m[0m
[  29% ] [90m[1mreimport[22m | Preparing files to reimport...[39m[0m
[  30% ] [90m[1mreimport[22m | Preparing files to reimport...[39m[0m
[  30% ] [90m[1mreimport[22m | Preparing files to reimport...[39m[0m
[  31% ] [90m[1mreimport[22m | Preparing files to reimport...[39m[0m
[  31% ] [90m[1mreimport[22m | Preparing files to reimport...[39m[0m
[  32% ] [90m[1mreimport[22m | Preparing files to reimport...[39m[0m
[  32% ] [90m[1mreimport[22m | Preparing files to reimport...[39m[0m
[  33% ] [90m[1mreimport[22m | Preparing files to reimport...[39m[0m
[  33% ] [90m[1mreimport[22m | Preparing files to reimport...[39m[0m
[  34% ] [90m[1mreimport[22m | Preparing files to reimport...[39m[0m
[  34% ] [90m[1mreimport[22m | Preparing files to reimport...[39m[0m
[  35% ] [90m[1mreimport[22m | Preparing files to reimport...[39m[0m
[  35% ] [90m[1mreimport[22m | Preparing files to reimport...[39m[0m
[  36% ] [90m[1mreimport[22m | Preparing files to reimport...[39m[0m
[  36% ] [90m[1mreimport[22m | Preparing files to reimport...[39m[0m
[  37% ] [90m[1mreimport[22m | Preparing files to reimport...[39m[0m
[  37% ] [90m[1mreimport[22m | Preparing files to reimport...[39m[0m
[  38% ] [90m[1mreimport[22m | Preparing files to reimport...[39m[0m
[  38% ] [90m[1mreimport[22m | Preparing files to reimport...[39m[0m
[  39% ] [90m[1mreimport[22m | Preparing files to reimport...[39m[0m
[  39% ] [90m[1mreimport[22m | Preparing files to reimport...[39m[0m
[  40% ] [90m[1mreimport[22m | Preparing files to reimport...[39m[0m
[  40% ] [90m[1mreimport[22m | Preparing files to reimport...[39m[0m
[  41% ] [90m[1mreimport[22m | Preparing files to reimport...[39m[0m
[  41% ] [90m[1mreimport[22m | Preparing files to reimport...[39m[0m
[  42% ] [90m[1mreimport[22m | Preparing files to reimport...[39m[0m
[  42% ] [90m[1mreimport[22m | Preparing files to reimport...[39m[0m
[  43% ] [90m[1mreimport[22m | Preparing files to reimport...[39m[0m
[  43% ] [90m[1mreimport[22m | Preparing files to reimport...[39m[0m
[  44% ] [90m[1mreimport[22m | Preparing files to reimport...[39m[0m
[  44% ] [90m[1mreimport[22m | Preparing files to reimport...[39m[0m
[  45% ] [90m[1mreimport[22m | Preparing files to reimport...[39m[0m
[  45% ] [90m[1mreimport[22m | Preparing files to reimport...[39m[0m
[  46% ] [90m[1mreimport[22m | Preparing files to reimport...[39m[0m
[  46% ] [90m[1mreimport[22m | Preparing files to reimport...[39m[0m
[  47% ] [90m[1mreimport[22m | Preparing files to reimport...[39m[0m
[  47% ] [90m[1mreimport[22m | Preparing files to reimport...[39m[0m
[  48% ] [90m[1mreimport[22m | Preparing files to reimport...[39m[0m
[  48% ] [90m[1mreimport[22m | Preparing files to reimport...[39m[0m
[  49% ] [90m[1mreimport[22m | Preparing files to reimport...[39m[0m
[  49% ] [90m[1mreimport[22m | Preparing files to reimport...[39m[0m
[  50% ] [90m[1mreimport[22m | Preparing files to reimport...[39m[0m
[  50% ] [90m[1mreimport[22m | Preparing files to reimport...[39m[0m
[  51% ] [90m[1mreimport[22m | Preparing files to reimport...[39m[0m
[  51% ] [90m[1mreimport[22m | Preparing files to reimport...[39m[0m
[  52% ] [90m[1mreimport[22m | Preparing files to reimport...[39m[0m
[  52% ] [90m[1mreimport[22m | Preparing files to reimport...[39m[0m
[  53% ] [90m[1mreimport[22m | Preparing files to reimport...[39m[0m
[  53% ] [90m[1mreimport[22m | Preparing files to reimport...[39m[0m
[  54% ] [90m[1mreimport[22m | Preparing files to reimport...[39m[0m
[  54% ] [90m[1mreimport[22m | Preparing files to reimport...[39m[0m
[  55% ] [90m[1mreimport[22m | Preparing files to reimport...[39m[0m
[  55% ] [90m[1mreimport[22m | Preparing files to reimport...[39m[0m
[  56% ] [90m[1mreimport[22m | Preparing files to reimport...[39m[0m
[  56% ] [90m[1mreimport[22m | Preparing files to reimport...[39m[0m
[  57% ] [90m[1mreimport[22m | Preparing files to reimport...[39m[0m
[  57% ] [90m[1mreimport[22m | Preparing files to reimport...[39m[0m
[  58% ] [90m[1mreimport[22m | Preparing files to reimport...[39m[0m
[  58% ] [90m[1mreimport[22m | Preparing files to reimport...[39m[0m
[  59% ] [90m[1mreimport[22m | Preparing files to reimport...[39m[0m
[  59% ] [90m[1mreimport[22m | Preparing files to reimport...[39m[0m
[  60% ] [90m[1mreimport[22m | Preparing files to reimport...[39m[0m
[  60% ] [90m[1mreimport[22m | Preparing files to reimport...[39m[0m
[  61% ] [90m[1mreimport[22m | Preparing files to reimport...[39m[0m
[  61% ] [90m[1mreimport[22m | Preparing files to reimport...[39m[0m
[  62% ] [90m[1mreimport[22m | Preparing files to reimport...[39m[0m
[  62% ] [90m[1mreimport[22m | Preparing files to reimport...[39m[0m
[  63% ] [90m[1mreimport[22m | Preparing files to reimport...[39m[0m
[  63% ] [90m[1mreimport[22m | Preparing files to reimport...[39m[0m
[  64% ] [90m[1mreimport[22m | Preparing files to reimport...[39m[0m
[  64% ] [90m[1mreimport[22m | Preparing files to reimport...[39m[0m
[  65% ] [90m[1mreimport[22m | Preparing files to reimport...[39m[0m
[  65% ] [90m[1mreimport[22m | Preparing files to reimport...[39m[0m
[  66% ] [90m[1mreimport[22m | Preparing files to reimport...[39m[0m
[  66% ] [90m[1mreimport[22m | Preparing files to reimport...[39m[0m
[  67% ] [90m[1mreimport[22m | Preparing files to reimport...[39m[0m
[  67% ] [90m[1mreimport[22m | Preparing files to reimport...[39m[0m
[  68% ] [90m[1mreimport[22m | Preparing files to reimport...[39m[0m
[  68% ] [90m[1mreimport[22m | Preparing files to reimport...[39m[0m
[  69% ] [90m[1mreimport[22m | Preparing files to reimport...[39m[0m
[  69% ] [90m[1mreimport[22m | Preparing files to reimport...[39m[0m
[  70% ] [90m[1mreimport[22m | Preparing files to reimport...[39m[0m
[  70% ] [90m[1mreimport[22m | Preparing files to reimport...[39m[0m
[  71% ] [90m[1mreimport[22m | Preparing files to reimport...[39m[0m
[  71% ] [90m[1mreimport[22m | Preparing files to reimport...[39m[0m
[  72% ] [90m[1mreimport[22m | Preparing files to reimport...[39m[0m
[  72% ] [90m[1mreimport[22m | Preparing files to reimport...[39m[0m
[  73% ] [90m[1mreimport[22m | Preparing files to reimport...[39m[0m
[  73% ] [90m[1mreimport[22m | Preparing files to reimport...[39m[0m
[  74% ] [90m[1mreimport[22m | Preparing files to reimport...[39m[0m
[  74% ] [90m[1mreimport[22m | Preparing files to reimport...[39m[0m
[  75% ] [90m[1mreimport[22m | Preparing files to reimport...[39m[0m
[  75% ] [90m[1mreimport[22m | Preparing files to reimport...[39m[0m
[  76% ] [90m[1mreimport[22m | Preparing files to reimport...[39m[0m
[  76% ] [90m[1mreimport[22m | Preparing files to reimport...[39m[0m
[  77% ] [90m[1mreimport[22m | Preparing files to reimport...[39m[0m
[  77% ] [90m[1mreimport[22m | Preparing files to reimport...[39m[0m
[  78% ] [90m[1mreimport[22m | Preparing files to reimport...[39m[0m
[  78% ] [90m[1mreimport[22m | Preparing files to reimport...[39m[0m
[  79% ] [90m[1mreimport[22m | Preparing files to reimport...[39m[0m
[  79% ] [90m[1mreimport[22m | Preparing files to reimport...[39m[0m
[  80% ] [90m[1mreimport[22m | Preparing files to reimport...[39m[0m
[  80% ] [90m[1mreimport[22m | Preparing files to reimport...[39m[0m
[  81% ] [90m[1mreimport[22m | Preparing files to reimport...[39m[0m
[  81% ] [90m[1mreimport[22m | Preparing files to reimport...[39m[0m
[  82% ] [90m[1mreimport[22m | Preparing files to reimport...[39m[0m
[  82% ] [90m[1mreimport[22m | Preparing files to reimport...[39m[0m
[  83% ] [90m[1mreimport[22m | Preparing files to reimport...[39m[0m
[  83% ] [90m[1mreimport[22m | Preparing files to reimport...[39m[0m
[  84% ] [90m[1mreimport[22m | Preparing files to reimport...[39m[0m
[  84% ] [90m[1mreimport[22m | Preparing files to reimport...[39m[0m
[  85% ] [90m[1mreimport[22m | Preparing files to reimport...[39m[0m
[  85% ] [90m[1mreimport[22m | Preparing files to reimport...[39m[0m
[  86% ] [90m[1mreimport[22m | Preparing files to reimport...[39m[0m
[  86% ] [90m[1mreimport[22m | Preparing files to reimport...[39m[0m
[  87% ] [90m[1mreimport[22m | Preparing files to reimport...[39m[0m
[  87% ] [90m[1mreimport[22m | Preparing files to reimport...[39m[0m
[  88% ] [90m[1mreimport[22m | Preparing files to reimport...[39m[0m
[  88% ] [90m[1mreimport[22m | Preparing files to reimport...[39m[0m
[  89% ] [90m[1mreimport[22m | Preparing files to reimport...[39m[0m
[  89% ] [90m[1mreimport[22m | Preparing files to reimport...[39m[0m
[  90% ] [90m[1mreimport[22m | Preparing files to reimport...[39m[0m
[  90% ] [90m[1mreimport[22m | Preparing files to reimport...[39m[0m
[  91% ] [90m[1mreimport[22m | Preparing files to reimport...[39m[0m
[  91% ] [90m[1mreimport[22m | Preparing files to reimport...[39m[0m
[  92% ] [90m[1mreimport[22m | Preparing files to reimport...[39m[0m
[  92% ] [90m[1mreimport[22m | Preparing files to reimport...[39m[0m
[  93% ] [90m[1mreimport[22m | Preparing files to reimport...[39m[0m
[  93% ] [90m[1mreimport[22m | Preparing files to reimport...[39m[0m
[  94% ] [90m[1mreimport[22m | Preparing files to reimport...[39m[0m
[  94% ] [90m[1mreimport[22m | Preparing files to reimport...[39m[0m
[  95% ] [90m[1mreimport[22m | Preparing files to reimport...[39m[0m
[  95% ] [90m[1mreimport[22m | Preparing files to reimport...[39m[0m
[  96% ] [90m[1mreimport[22m | Preparing files to reimport...[39m[0m
[  96% ] [90m[1mreimport[22m | Preparing files to reimport...[39m[0m
[  97% ] [90m[1mreimport[22m | Preparing files to reimport...[39m[0m
[  97% ] [90m[1mreimport[22m | Preparing files to reimport...[39m[0m
[  98% ] [90m[1mreimport[22m | Preparing files to reimport...[39m[0m
[  98% ] [90m[1mreimport[22m | Preparing files to reimport...[39m[0m
[   0% ] [90m[1mreimport[22m | Executing pre-reimport operations...[39m[0m
[   0% ] [90m[1mreimport[22m | bottom.png[39m[0m
[   0% ] [90m[1mreimport[22m | east.png[39m[0m
[   1% ] [90m[1mreimport[22m | icon.png[39m[0m
[   1% ] [90m[1mreimport[22m | north.png[39m[0m
[   2% ] [90m[1mreimport[22m | south.png[39m[0m
[   2% ] [90m[1mreimport[22m | top.png[39m[0m
[   3% ] [90m[1mreimport[22m | west.png[39m[0m
[   3% ] [90m[1mreimport[22m | bottom.png[39m[0m
[   4% ] [90m[1mreimport[22m | east.png[39m[0m
[   4% ] [90m[1mreimport[22m | icon.png[39m[0m
[   5% ] [90m[1mreimport[22m | north.png[39m[0m
[   5% ] [90m[1mreimport[22m | south.png[39m[0m
[   6% ] [90m[1mreimport[22m | top.png[39m[0m
[   6% ] [90m[1mreimport[22m | west.png[39m[0m
[   7% ] [90m[1mreimport[22m | bottom.png[39m[0m
[   7% ] [90m[1mreimport[22m | east.png[39m[0m
[   8% ] [90m[1mreimport[22m | icon.png[39m[0m
[   8% ] [90m[1mreimport[22m | north.png[39m[0m
[   9% ] [90m[1mreimport[22m | south.png[39m[0m
[   9% ] [90m[1mreimport[22m | top.png[39m[0m
[  10% ] [90m[1mreimport[22m | west.png[39m[0m
[  10% ] [90m[1mreimport[22m | bottom.png[39m[0m
[  11% ] [90m[1mreimport[22m | east.png[39m[0m
[  11% ] [90m[1mreimport[22m | icon.png[39m[0m
[  12% ] [90m[1mreimport[22m | north.png[39m[0m
[  12% ] [90m[1mreimport[22m | south.png[39m[0m
[  13% ] [90m[1mreimport[22m | top.png[39m[0m
[  13% ] [90m[1mreimport[22m | west.png[39m[0m
[  14% ] [90m[1mreimport[22m | bottom.png[39m[0m
[  14% ] [90m[1mreimport[22m | east.png[39m[0m
[  15% ] [90m[1mreimport[22m | icon.png[39m[0m
[  15% ] [90m[1mreimport[22m | north.png[39m[0m
[  16% ] [90m[1mreimport[22m | south.png[39m[0m
[  16% ] [90m[1mreimport[22m | top.png[39m[0m
[  17% ] [90m[1mreimport[22m | west.png[39m[0m
[  17% ] [90m[1mreimport[22m | bottom.png[39m[0m
[  18% ] [90m[1mreimport[22m | east.png[39m[0m
[  18% ] [90m[1mreimport[22m | icon.png[39m[0m
[  19% ] [90m[1mreimport[22m | north.png[39m[0m
[  19% ] [90m[1mreimport[22m | south.png[39m[0m
[  20% ] [90m[1mreimport[22m | top.png[39m[0m
[  20% ] [90m[1mreimport[22m | west.png[39m[0m
[  21% ] [90m[1mreimport[22m | bottom.png[39m[0m
[  21% ] [90m[1mreimport[22m | east.png[39m[0m
[  22% ] [90m[1mreimport[22m | icon.png[39m[0m
[  22% ] [90m[1mreimport[22m | north.png[39m[0m
[  23% ] [90m[1mreimport[22m | south.png[39m[0m
[  23% ] [90m[1mreimport[22m | top.png[39m[0m
[  24% ] [90m[1mreimport[22m | west.png[39m[0m
[  24% ] [90m[1mreimport[22m | bottom.png[39m[0m
[  25% ] [90m[1mreimport[22m | east.png[39m[0m
[  25% ] [90m[1mreimport[22m | icon.png[39m[0m
[  26% ] [90m[1mreimport[22m | north.png[39m[0m
[  26% ] [90m[1mreimport[22m | south.png[39m[0m
[  27% ] [90m[1mreimport[22m | top.png[39m[0m
[  27% ] [90m[1mreimport[22m | west.png[39m[0m
[  28% ] [90m[1mreimport[22m | bottom.png[39m[0m
[  28% ] [90m[1mreimport[22m | east.png[39m[0m
[  29% ] [90m[1mreimport[22m | icon.png[39m[0m
[  29% ] [90m[1mreimport[22m | north.png[39m[0m
[  30% ] [90m[1mreimport[22m | south.png[39m[0m
[  30% ] [90m[1mreimport[22m | top.png[39m[0m
[  31% ] [90m[1mreimport[22m | west.png[39m[0m
[  31% ] [90m[1mreimport[22m | icon.png[39m[0m
[  32% ] [90m[1mreimport[22m | icon.png[39m[0m
[  32% ] [90m[1mreimport[22m | bottom.png[39m[0m
[  33% ] [90m[1mreimport[22m | east.png[39m[0m
[  33% ] [90m[1mreimport[22m | icon.png[39m[0m
[  34% ] [90m[1mreimport[22m | north.png[39m[0m
[  34% ] [90m[1mreimport[22m | south.png[39m[0m
[  35% ] [90m[1mreimport[22m | top.png[39m[0m
[  35% ] [90m[1mreimport[22m | west.png[39m[0m
[  36% ] [90m[1mreimport[22m | icon.png[39m[0m
[  36% ] [90m[1mreimport[22m | icon.svg[39m[0m
[  37% ] [90m[1mreimport[22m | north.png[39m[0m
[  37% ] [90m[1mreimport[22m | south.png[39m[0m
[  38% ] [90m[1mreimport[22m | top.png[39m[0m
[  38% ] [90m[1mreimport[22m | west.png[39m[0m
[  39% ] [90m[1mreimport[22m | bottom.png[39m[0m
[  39% ] [90m[1mreimport[22m | east.png[39m[0m
[  40% ] [90m[1mreimport[22m | icon.png[39m[0m
[  40% ] [90m[1mreimport[22m | north.png[39m[0m
[  41% ] [90m[1mreimport[22m | south.png[39m[0m
[  41% ] [90m[1mreimport[22m | top.png[39m[0m
[  42% ] [90m[1mreimport[22m | west.png[39m[0m
[  42% ] [90m[1mreimport[22m | bottom.png[39m[0m
[  43% ] [90m[1mreimport[22m | east.png[39m[0m
[  43% ] [90m[1mreimport[22m | icon.png[39m[0m
[  44% ] [90m[1mreimport[22m | north.png[39m[0m
[  44% ] [90m[1mreimport[22m | south.png[39m[0m
[  45% ] [90m[1mreimport[22m | top.png[39m[0m
[  45% ] [90m[1mreimport[22m | west.png[39m[0m
[  46% ] [90m[1mreimport[22m | bottom.png[39m[0m
[  46% ] [90m[1mreimport[22m | east.png[39m[0m
[  47% ] [90m[1mreimport[22m | icon.png[39m[0m
[  47% ] [90m[1mreimport[22m | north.png[39m[0m
[  48% ] [90m[1mreimport[22m | south.png[39m[0m
[  48% ] [90m[1mreimport[22m | top.png[39m[0m
[  49% ] [90m[1mreimport[22m | west.png[39m[0m
[  49% ] [90m[1mreimport[22m | bottom.png[39m[0m
[  50% ] [90m[1mreimport[22m | east.png[39m[0m
[  50% ] [90m[1mreimport[22m | icon.png[39m[0m
[  51% ] [90m[1mreimport[22m | north.png[39m[0m
[  51% ] [90m[1mreimport[22m | south.png[39m[0m
[  52% ] [90m[1mreimport[22m | top.png[39m[0m
[  52% ] [90m[1mreimport[22m | west.png[39m[0m
[  53% ] [90m[1mreimport[22m | bottom.png[39m[0m
[  53% ] [90m[1mreimport[22m | east.png[39m[0m
[  54% ] [90m[1mreimport[22m | icon.png[39m[0m
[  54% ] [90m[1mreimport[22m | north.png[39m[0m
[  55% ] [90m[1mreimport[22m | south.png[39m[0m
[  55% ] [90m[1mreimport[22m | top.png[39m[0m
[  56% ] [90m[1mreimport[22m | west.png[39m[0m
[  56% ] [90m[1mreimport[22m | bottom.png[39m[0m
[  57% ] [90m[1mreimport[22m | east.png[39m[0m
[  57% ] [90m[1mreimport[22m | icon.png[39m[0m
[  58% ] [90m[1mreimport[22m | north.png[39m[0m
[  58% ] [90m[1mreimport[22m | south.png[39m[0m
[  59% ] [90m[1mreimport[22m | top.png[39m[0m
[  59% ] [90m[1mreimport[22m | west.png[39m[0m
[  60% ] [90m[1mreimport[22m | bottom.png[39m[0m
[  60% ] [90m[1mreimport[22m | east.png[39m[0m
[  61% ] [90m[1mreimport[22m | icon.png[39m[0m
[  61% ] [90m[1mreimport[22m | audio.svg[39m[0m
[  62% ] [90m[1mreimport[22m | characters.svg[39m[0m
[  62% ] [90m[1mreimport[22m | delivery.svg[39m[0m
[  63% ] [90m[1mreimport[22m | home.svg[39m[0m
[  63% ] [90m[1mreimport[22m | items.svg[39m[0m
[  64% ] [90m[1mreimport[22m | library.svg[39m[0m
[  64% ] [90m[1mreimport[22m | structures.svg[39m[0m
[  65% ] [90m[1mreimport[22m | vfx.svg[39m[0m
[  65% ] [90m[1mreimport[22m | icon.png[39m[0m
[  66% ] [90m[1mreimport[22m | icon.png[39m[0m
[  66% ] [90m[1mreimport[22m | icon.png[39m[0m
[  67% ] [90m[1mreimport[22m | icon.png[39m[0m
[  67% ] [90m[1mreimport[22m | icon.png[39m[0m
[  68% ] [90m[1mreimport[22m | icon.png[39m[0m
[  68% ] [90m[1mreimport[22m | icon.png[39m[0m
[  69% ] [90m[1mreimport[22m | icon.png[39m[0m
[  69% ] [90m[1mreimport[22m | icon.png[39m[0m
[  70% ] [90m[1mreimport[22m | icon.png[39m[0m
[  70% ] [90m[1mreimport[22m | bottom.png[39m[0m
[  71% ] [90m[1mreimport[22m | east.png[39m[0m
[  71% ] [90m[1mreimport[22m | icon.png[39m[0m
[  72% ] [90m[1mreimport[22m | north.png[39m[0m
[  72% ] [90m[1mreimport[22m | south.png[39m[0m
[  73% ] [90m[1mreimport[22m | top.png[39m[0m
[  73% ] [90m[1mreimport[22m | west.png[39m[0m
[  74% ] [90m[1mreimport[22m | icon.png[39m[0m
[  74% ] [90m[1mreimport[22m | icon.png[39m[0m
[  75% ] [90m[1mreimport[22m | icon.png[39m[0m
[  75% ] [90m[1mreimport[22m | icon.png[39m[0m
[  76% ] [90m[1mreimport[22m | icon.png[39m[0m
[  76% ] [90m[1mreimport[22m | icon.png[39m[0m
[  77% ] [90m[1mreimport[22m | icon.png[39m[0m
[  77% ] [90m[1mreimport[22m | icon.png[39m[0m
[  78% ] [90m[1mreimport[22m | icon.png[39m[0m
[  78% ] [90m[1mreimport[22m | icon.png[39m[0m
[  79% ] [90m[1mreimport[22m | icon.png[39m[0m
[  79% ] [90m[1mreimport[22m | icon.png[39m[0m
[  80% ] [90m[1mreimport[22m | icon.png[39m[0m
[  80% ] [90m[1mreimport[22m | icon.png[39m[0m
[  81% ] [90m[1mreimport[22m | icon.png[39m[0m
[  81% ] [90m[1mreimport[22m | bottom.png[39m[0m
[  82% ] [90m[1mreimport[22m | east.png[39m[0m
[  82% ] [90m[1mreimport[22m | icon.png[39m[0m
[  83% ] [90m[1mreimport[22m | north.png[39m[0m
[  83% ] [90m[1mreimport[22m | south.png[39m[0m
[  84% ] [90m[1mreimport[22m | top.png[39m[0m
[  84% ] [90m[1mreimport[22m | west.png[39m[0m
[  85% ] [90m[1mreimport[22m | bottom.png[39m[0m
[  85% ] [90m[1mreimport[22m | east.png[39m[0m
[  86% ] [90m[1mreimport[22m | icon.png[39m[0m
[  86% ] [90m[1mreimport[22m | north.png[39m[0m
[  87% ] [90m[1mreimport[22m | south.png[39m[0m
[  87% ] [90m[1mreimport[22m | top.png[39m[0m
[  88% ] [90m[1mreimport[22m | west.png[39m[0m
[  88% ] [90m[1mreimport[22m | bottom.png[39m[0m
[  89% ] [90m[1mreimport[22m | east.png[39m[0m
[  89% ] [90m[1mreimport[22m | icon.png[39m[0m
[  90% ] [90m[1mreimport[22m | north.png[39m[0m
[  90% ] [90m[1mreimport[22m | south.png[39m[0m
[  91% ] [90m[1mreimport[22m | top.png[39m[0m
[  91% ] [90m[1mreimport[22m | west.png[39m[0m
[  92% ] [90m[1mreimport[22m | bottom.png[39m[0m
[  92% ] [90m[1mreimport[22m | east.png[39m[0m
[  93% ] [90m[1mreimport[22m | icon.png[39m[0m
[  93% ] [90m[1mreimport[22m | north.png[39m[0m
[  94% ] [90m[1mreimport[22m | south.png[39m[0m
[  94% ] [90m[1mreimport[22m | top.png[39m[0m
[  95% ] [90m[1mreimport[22m | west.png[39m[0m
[  95% ] [90m[1mreimport[22m | icon.png[39m[0m
[  96% ] [90m[1mreimport[22m | icon.png[39m[0m
[  96% ] [90m[1mreimport[22m | icon.png[39m[0m
[  97% ] [90m[1mreimport[22m | icon.png[39m[0m
[  97% ] [90m[1mreimport[22m | icon.png[39m[0m
[  98% ] [90m[1mreimport[22m | icon.png[39m[0m
[  98% ] [90m[1mreimport[22m | icon.png[39m[0m
[  99% ] [90m[1mreimport[22m | Finalizing Asset Import...[39m[0m
[92m[ DONE ][39m [1mreimport[22m
[0m
[   0% ] [90m[1mreimport[22m | Started (Re)Importing Assets (198 steps)[39m[0m
[   0% ] [90m[1mreimport[22m | Executing post-reimport operations...[39m[0m
[92m[ DONE ][39m [1mreimport[22m
[0m
[   0% ] [90m[1mloading_editor_layout[22m | Started Loading editor (5 steps)[39m[0m
[   0% ] [90m[1mloading_editor_layout[22m | Loading editor layout...[39m[0m
[  16% ] [90m[1mloading_editor_layout[22m | Loading docks...[39m[0m
[92m[ DONE ][39m [1mloading_editor_layout[22m
[0m
Running res://.summer/verification/stage9_release_candidate_probe.tscn (expected checks=41)
Godot Engine v4.8.dev.custom_build.a9c94cd21 (2026-07-25 09:47:59 UTC) - https://godotengine.org

ERROR: Failed to read the root certificate store.
   at: OS_Windows::get_system_ca_certificates (platform\windows\os_windows.cpp:2588)
BlockRegistry: loaded 143 blocks
ItemRegistry: loaded 162 items
ProductionCatalogue: compiled 372 definitions (2b4a4da74c2b)
SETTLEMENT REGISTRY: 120 definitions, 120 blueprints, 120 projects, 25 packs
VoxelWorld: seed 1337, plan world.profile.controlled_poc_valley:v1:782cffcb, prepared spawn column
MAIN: seed=1337 player at (-10.5, 19.0, 34.5)
MAIN: saved 0 edits to res://.summer/verification/.stage9_release_state.json
MAIN: saved 0 edits to res://.summer/verification/.stage9_release_state.json
WARNING: MAIN: could not open save temp path (File not found)
   at: VariantUtilityFunctions::push_warning (core\variant\variant_utility.cpp:1033)
   GDScript backtrace (most recent call first):
       [0] _write_verified_temp (res://scripts/main.gd:376)
       [1] _save_game (res://scripts/main.gd:279)
       [2] _run (res://.summer/verification/stage9_release_candidate_probe.gd:65)
WARNING: MAIN: save temp write or validation failed; previous save preserved
   at: VariantUtilityFunctions::push_warning (core\variant\variant_utility.cpp:1033)
   GDScript backtrace (most recent call first):
       [0] _save_game (res://scripts/main.gd:280)
       [1] _run (res://.summer/verification/stage9_release_candidate_probe.gd:65)
WARNING: MAIN: save integrity mismatch at res://.summer/verification/.stage9_release_state.json
   at: VariantUtilityFunctions::push_warning (core\variant\variant_utility.cpp:1033)
   GDScript backtrace (most recent call first):
       [0] _read_save_file (res://scripts/main.gd:508)
       [1] _read_save (res://scripts/main.gd:457)
       [2] _run (res://.summer/verification/stage9_release_candidate_probe.gd:79)
WARNING: MAIN: recovered save state from res://.summer/verification/.stage9_release_state.backup.json
   at: VariantUtilityFunctions::push_warning (core\variant\variant_utility.cpp:1033)
   GDScript backtrace (most recent call first):
       [0] _read_save (res://scripts/main.gd:473)
       [1] _run (res://.summer/verification/stage9_release_candidate_probe.gd:79)
RELEASE_QUALITY: clean session end (stage9_probe_prepare_unclean_fixture)
RELEASE_QUALITY: clean session end (stage9_probe)
STAGE9_RELEASE_CANDIDATE_PROBE {"checks":41,"content_sha256":"4dd34bbec118d497","failures":[],"frame_p95_ms":129.429,"ok":true,"save_version":18}
Running res://.summer/verification/phase8_ui_learning_probe.tscn (expected checks=104)
Godot Engine v4.8.dev.custom_build.a9c94cd21 (2026-07-25 09:47:59 UTC) - https://godotengine.org

ERROR: Failed to read the root certificate store.
   at: OS_Windows::get_system_ca_certificates (platform\windows\os_windows.cpp:2588)
BlockRegistry: loaded 143 blocks
ItemRegistry: loaded 162 items
ProductionCatalogue: compiled 372 definitions (2b4a4da74c2b)
SETTLEMENT REGISTRY: 120 definitions, 120 blueprints, 120 projects, 25 packs
VoxelWorld: seed 1337, plan world.profile.controlled_poc_valley:v1:782cffcb, prepared spawn column
MAIN: seed=1337 player at (-10.5, 19.0, 34.5)
PHASE8_UI_LEARNING_PROBE {"checks":104,"failures":["village overview omitted explicit non-colour permission reasons"],"ok":false}
RELEASE_QUALITY: clean session end (engine_shutdown)
Probe failed with exit code 1: res://.summer/verification/phase8_ui_learning_probe.tscn
At D:\AI\Projects\leyforge\.local\r01-20260905\p\.summer\verification\run_current_regression_gate.ps1:205 char:9
+         throw "Probe failed with exit code ${sceneExit}: $scene"
+         ~~~~~~~~~~~~~~~~~~~~~~~~~~~~~~~~~~~~~~~~~~~~~~~~~~~~~~~~
    + CategoryInfo          : OperationStopped: (Probe failed wi...ning_probe.tscn:String) [], RuntimeException
    + FullyQualifiedErrorId : Probe failed with exit code 1: res://.summer/verification/phase8_ui_learning_probe.tscn
 
