Diagnostic 3/58 phase7_stabilization_probe expected=30
Result phase7_stabilization_probe pass=False checks=34 exit=0
Diagnostic 4/58 phase7_combat_visual_probe expected=35
Result phase7_combat_visual_probe pass=True checks=35 exit=0
Diagnostic 5/58 phase4_save_probe expected=39
Result phase4_save_probe pass=False checks=40 exit=0
Diagnostic 6/58 phase5_automation_probe expected=62
Result phase5_automation_probe pass=True checks=62 exit=0
Diagnostic 7/58 phase6_magic_probe expected=48
Result phase6_magic_probe pass=True checks=48 exit=0
Diagnostic 8/58 all_recipes_probe expected=67
Result all_recipes_probe pass=True checks=67 exit=0
Diagnostic 9/58 canonical_block_inventory_projection_probe expected=133
Result canonical_block_inventory_projection_probe pass=True checks=133 exit=0
Diagnostic 10/58 data_001_resource_conservation_probe expected=115
Result data_001_resource_conservation_probe pass=True checks=115 exit=0
Diagnostic 11/58 set_001_profession_probe expected=71
Result set_001_profession_probe pass=True checks=71 exit=0
Diagnostic 12/58 set_001_service_activation_probe expected=49
Result set_001_service_activation_probe pass=True checks=49 exit=0
Diagnostic 13/58 production_kernel_probe expected=78
Result production_kernel_probe pass=True checks=78 exit=0
Diagnostic 14/58 production_registry_kernel_probe expected=54
Result production_registry_kernel_probe pass=True checks=54 exit=0
Diagnostic 15/58 production_catalogue_probe expected=2418
Result production_catalogue_probe pass=True checks=2418 exit=0
Diagnostic 16/58 world_manifest_probe expected=473
Result world_manifest_probe pass=True checks=473 exit=0
Diagnostic 17/58 structure_instance_probe expected=71
Result structure_instance_probe pass=True checks=71 exit=0
Diagnostic 18/58 simulation_lod_probe expected=68
Result simulation_lod_probe pass=True checks=68 exit=0
Diagnostic 19/58 persistent_people_probe expected=72
Result persistent_people_probe pass=True checks=72 exit=0
Diagnostic 20/58 biological_owner_probe expected=87
Result biological_owner_probe pass=True checks=87 exit=0
Diagnostic 21/58 social_owner_probe expected=79
Result social_owner_probe pass=True checks=79 exit=0
Diagnostic 22/58 political_owner_probe expected=64
Result political_owner_probe pass=True checks=64 exit=0
Diagnostic 23/58 movement_owner_probe expected=65
Result movement_owner_probe pass=True checks=65 exit=0
Diagnostic 24/58 event_owner_probe expected=52
Result event_owner_probe pass=True checks=52 exit=0
Diagnostic 25/58 save_coordinator_probe expected=156
Result save_coordinator_probe pass=True checks=156 exit=0
Diagnostic 26/58 creative_menu_probe expected=11
Result creative_menu_probe pass=False checks=15 exit=0
Diagnostic 27/58 item_drop_probe expected=9
Result item_drop_probe pass=True checks=9 exit=0
Diagnostic 28/58 phase3_interaction_probe expected=15
Result phase3_interaction_probe pass=True checks=15 exit=0
Diagnostic 29/58 phase3_traversal_probe expected=4
Result phase3_traversal_probe pass=True checks=4 exit=0
Diagnostic 30/58 phase4_hamlet_probe expected=42
Result phase4_hamlet_probe pass=True checks=42 exit=0
Diagnostic 31/58 npc_runtime_probe expected=91
Result npc_runtime_probe pass=False checks=91 exit=1
Diagnostic 32/58 settlement_project_probe expected=73
Result settlement_project_probe pass=False checks=76 exit=0
Diagnostic 33/58 settlement_registry_probe expected=58
Result settlement_registry_probe pass=True checks=58 exit=0
Diagnostic 34/58 settlement_wave1_probe expected=170
Result settlement_wave1_probe pass=True checks=170 exit=0
Diagnostic 35/58 settlement_waves2_5_probe expected=155
Result settlement_waves2_5_probe pass=True checks=155 exit=0
Diagnostic 36/58 settlement_wave6_pack_probe expected=22
Result settlement_wave6_pack_probe pass=True checks=22 exit=0
Diagnostic 37/58 current_worldgen_fast_probe expected=3335
Result current_worldgen_fast_probe pass=True checks=3335 exit=0
Diagnostic 38/58 current_worldgen_runtime_probe expected=51
Result current_worldgen_runtime_probe pass=True checks=51 exit=0
Diagnostic 39/58 regional_settlement_isolation_probe expected=39
Result regional_settlement_isolation_probe pass=True checks=39 exit=0
Diagnostic 40/58 world_lifecycle_probe expected=54
Result world_lifecycle_probe pass=True checks=54 exit=0
Diagnostic 41/58 legacy_import_probe expected=14
Result legacy_import_probe pass=True checks=14 exit=0
Diagnostic 42/58 main_menu_probe expected=27
Result main_menu_probe pass=False checks= exit=0
Diagnostic 43/58 forge_mvp_probe expected=958
Result forge_mvp_probe pass=False checks=958 exit=1
Diagnostic 44/58 forge_creator_core_probe expected=133
Result forge_creator_core_probe pass=True checks=133 exit=0
Diagnostic 45/58 forge_creator_ui_probe expected=98
Result forge_creator_ui_probe pass=True checks=98 exit=0
Diagnostic 46/58 forge_production_catalogue_probe expected=27
Result forge_production_catalogue_probe pass=True checks=27 exit=0
Diagnostic 47/58 forge_procedural_structure_stress_probe expected=12
Result forge_procedural_structure_stress_probe pass=True checks=12 exit=0
Diagnostic 48/58 forge_end_to_end_probe expected=250
Result forge_end_to_end_probe pass=False checks=250 exit=1
Diagnostic 49/58 village_progression_lab_probe expected=63
Result village_progression_lab_probe pass=True checks=63 exit=0
Diagnostic 50/58 stageb_living_settlement_probe expected=534
Result stageb_living_settlement_probe pass=False checks=546 exit=0
Diagnostic 51/58 set20_v02_set22_foundation_probe expected=1168
Result set20_v02_set22_foundation_probe pass=True checks=1168 exit=0
Diagnostic 52/58 set22_stage1_golden_templates_probe expected=481
Result set22_stage1_golden_templates_probe pass=True checks=481 exit=0
Diagnostic 53/58 set23_foundation_probe expected=1831
Result set23_foundation_probe pass=True checks=1831 exit=0
Diagnostic 54/58 set22_stage2_set23_spatial_probe expected=274
Result set22_stage2_set23_spatial_probe pass=True checks=274 exit=0
Diagnostic 55/58 set22_stage3_set23_events_probe expected=676
Result set22_stage3_set23_events_probe pass=True checks=676 exit=0
Diagnostic 56/58 set23_stage4_runtime_presentation_probe expected=436
Result set23_stage4_runtime_presentation_probe pass=True checks=436 exit=0
Diagnostic 57/58 set22_stage5_set23_world_presentation_probe expected=565
Result set22_stage5_set23_world_presentation_probe pass=True checks=565 exit=0
Diagnostic 58/58 set22_stage6_set23_production_probe expected=3908
Result set22_stage6_set23_production_probe pass=True checks=3908 exit=0
Diagnostic continuation finished: 47 passed, 9 failed.
