Godot Engine v4.6.3.stable.official.7d41c59c4 - https://godotengine.org

ERROR: Failed to read the root certificate store.
   at: get_system_ca_certificates (platform/windows/os_windows.cpp:2570)
BlockRegistry: loaded 143 blocks
ItemRegistry: loaded 169 items
SETTLEMENT REGISTRY: 120 definitions, 120 blueprints, 120 projects, 25 packs
VoxelWorld: seed 1469285795, plan world.profile.controlled_poc_regional:v4:6d3079a1, prepared spawn column
MAIN: seed=1469285795 player at (40.5, 17.0, -39.5)
MAIN: saved 1 edits to user://verification_stage_a_worlds_3654593/world-1785421994-5a6bf03a/world.json
VoxelWorld: seed 1469285795, plan world.profile.controlled_poc_regional:v4:6d3079a1, prepared spawn column
MAIN: seed=1469285795 player at (40.5, 17.0, -39.5)
MAIN: saved 0 edits to user://verification_stage_a_worlds_3654593/world-1785421994-41c275ee/world.json
VoxelWorld: seed 1469285795, plan world.profile.controlled_poc_regional:v4:6d3079a1, prepared spawn column
WARNING: MAIN: repaired unsafe saved player position (40.5, 16.82889, -39.5) -> (40.0, 13.05, -40.0)
   at: push_warning (core/variant/variant_utility.cpp:1034)
   GDScript backtrace (most recent call first):
       [0] _apply_save (res://scripts/main.gd:646)
       [1] _ready (res://scripts/main.gd:101)
       [2] _run (res://.summer/verification/world_lifecycle_probe.gd:126)
MAIN: seed=1469285795 player at (40.0, 13.05, -40.0)
WORLD_LIFECYCLE_PROBE {"checks":41,"failures":[],"ok":true}
RELEASE_QUALITY: clean session end (engine_shutdown)
