diff --git a/.summer/verification/profiles/focused_e2e_a/AppData/Roaming/Godot/app_userdata/Leyforge/forge_end_to_end/bakes/products/presentation_test_forge_block_acceptance_machine/451a04ba2f85d16a/frames_magical_flame/frame_000.res b/.summer/verification/profiles/focused_e2e_a/AppData/Roaming/Godot/app_userdata/Leyforge/forge_end_to_end/bakes/products/presentation_test_forge_block_acceptance_machine/451a04ba2f85d16a/frames_magical_flame/frame_000.res
deleted file mode 100644
index d2929ce..0000000
Binary files a/.summer/verification/profiles/focused_e2e_a/AppData/Roaming/Godot/app_userdata/Leyforge/forge_end_to_end/bakes/products/presentation_test_forge_block_acceptance_machine/451a04ba2f85d16a/frames_magical_flame/frame_000.res and /dev/null differ
diff --git a/.summer/verification/profiles/focused_e2e_a/AppData/Roaming/Godot/app_userdata/Leyforge/forge_end_to_end/bakes/products/presentation_test_forge_block_acceptance_machine/451a04ba2f85d16a/frames_magical_flame/frame_001.res b/.summer/verification/profiles/focused_e2e_a/AppData/Roaming/Godot/app_userdata/Leyforge/forge_end_to_end/bakes/products/presentation_test_forge_block_acceptance_machine/451a04ba2f85d16a/frames_magical_flame/frame_001.res
deleted file mode 100644
index 048d096..0000000
Binary files a/.summer/verification/profiles/focused_e2e_a/AppData/Roaming/Godot/app_userdata/Leyforge/forge_end_to_end/bakes/products/presentation_test_forge_block_acceptance_machine/451a04ba2f85d16a/frames_magical_flame/frame_001.res and /dev/null differ
diff --git a/.summer/verification/profiles/focused_e2e_a/AppData/Roaming/Godot/app_userdata/Leyforge/forge_end_to_end/bakes/products/presentation_test_forge_block_acceptance_machine/451a04ba2f85d16a/frames_magical_flame/frame_002.res b/.summer/verification/profiles/focused_e2e_a/AppData/Roaming/Godot/app_userdata/Leyforge/forge_end_to_end/bakes/products/presentation_test_forge_block_acceptance_machine/451a04ba2f85d16a/frames_magical_flame/frame_002.res
deleted file mode 100644
index 4764a9e..0000000
Binary files a/.summer/verification/profiles/focused_e2e_a/AppData/Roaming/Godot/app_userdata/Leyforge/forge_end_to_end/bakes/products/presentation_test_forge_block_acceptance_machine/451a04ba2f85d16a/frames_magical_flame/frame_002.res and /dev/null differ
diff --git a/.summer/verification/profiles/focused_e2e_b/AppData/Roaming/Godot/app_userdata/Leyforge/forge_end_to_end/bakes/products/presentation_test_forge_block_acceptance_machine/451a04ba2f85d16a/frames_magical_flame/frame_000.res b/.summer/verification/profiles/focused_e2e_b/AppData/Roaming/Godot/app_userdata/Leyforge/forge_end_to_end/bakes/products/presentation_test_forge_block_acceptance_machine/451a04ba2f85d16a/frames_magical_flame/frame_000.res
deleted file mode 100644
index d2929ce..0000000
Binary files a/.summer/verification/profiles/focused_e2e_b/AppData/Roaming/Godot/app_userdata/Leyforge/forge_end_to_end/bakes/products/presentation_test_forge_block_acceptance_machine/451a04ba2f85d16a/frames_magical_flame/frame_000.res and /dev/null differ
diff --git a/.summer/verification/profiles/focused_e2e_b/AppData/Roaming/Godot/app_userdata/Leyforge/forge_end_to_end/bakes/products/presentation_test_forge_block_acceptance_machine/451a04ba2f85d16a/frames_magical_flame/frame_001.res b/.summer/verification/profiles/focused_e2e_b/AppData/Roaming/Godot/app_userdata/Leyforge/forge_end_to_end/bakes/products/presentation_test_forge_block_acceptance_machine/451a04ba2f85d16a/frames_magical_flame/frame_001.res
deleted file mode 100644
index 048d096..0000000
Binary files a/.summer/verification/profiles/focused_e2e_b/AppData/Roaming/Godot/app_userdata/Leyforge/forge_end_to_end/bakes/products/presentation_test_forge_block_acceptance_machine/451a04ba2f85d16a/frames_magical_flame/frame_001.res and /dev/null differ
diff --git a/.summer/verification/profiles/focused_e2e_b/AppData/Roaming/Godot/app_userdata/Leyforge/forge_end_to_end/bakes/products/presentation_test_forge_block_acceptance_machine/451a04ba2f85d16a/frames_magical_flame/frame_002.res b/.summer/verification/profiles/focused_e2e_b/AppData/Roaming/Godot/app_userdata/Leyforge/forge_end_to_end/bakes/products/presentation_test_forge_block_acceptance_machine/451a04ba2f85d16a/frames_magical_flame/frame_002.res
deleted file mode 100644
index 4764a9e..0000000
Binary files a/.summer/verification/profiles/focused_e2e_b/AppData/Roaming/Godot/app_userdata/Leyforge/forge_end_to_end/bakes/products/presentation_test_forge_block_acceptance_machine/451a04ba2f85d16a/frames_magical_flame/frame_002.res and /dev/null differ
diff --git a/.summer/verification/profiles/focused_e2e_pass/AppData/Roaming/Godot/app_userdata/Leyforge/forge_end_to_end/bakes/products/presentation_test_forge_block_acceptance_machine/451a04ba2f85d16a/frames_magical_flame/frame_000.res b/.summer/verification/profiles/focused_e2e_pass/AppData/Roaming/Godot/app_userdata/Leyforge/forge_end_to_end/bakes/products/presentation_test_forge_block_acceptance_machine/451a04ba2f85d16a/frames_magical_flame/frame_000.res
deleted file mode 100644
index d2929ce..0000000
Binary files a/.summer/verification/profiles/focused_e2e_pass/AppData/Roaming/Godot/app_userdata/Leyforge/forge_end_to_end/bakes/products/presentation_test_forge_block_acceptance_machine/451a04ba2f85d16a/frames_magical_flame/frame_000.res and /dev/null differ
diff --git a/.summer/verification/profiles/focused_e2e_pass/AppData/Roaming/Godot/app_userdata/Leyforge/forge_end_to_end/bakes/products/presentation_test_forge_block_acceptance_machine/451a04ba2f85d16a/frames_magical_flame/frame_001.res b/.summer/verification/profiles/focused_e2e_pass/AppData/Roaming/Godot/app_userdata/Leyforge/forge_end_to_end/bakes/products/presentation_test_forge_block_acceptance_machine/451a04ba2f85d16a/frames_magical_flame/frame_001.res
deleted file mode 100644
index 048d096..0000000
Binary files a/.summer/verification/profiles/focused_e2e_pass/AppData/Roaming/Godot/app_userdata/Leyforge/forge_end_to_end/bakes/products/presentation_test_forge_block_acceptance_machine/451a04ba2f85d16a/frames_magical_flame/frame_001.res and /dev/null differ
diff --git a/.summer/verification/profiles/focused_e2e_pass/AppData/Roaming/Godot/app_userdata/Leyforge/forge_end_to_end/bakes/products/presentation_test_forge_block_acceptance_machine/451a04ba2f85d16a/frames_magical_flame/frame_002.res b/.summer/verification/profiles/focused_e2e_pass/AppData/Roaming/Godot/app_userdata/Leyforge/forge_end_to_end/bakes/products/presentation_test_forge_block_acceptance_machine/451a04ba2f85d16a/frames_magical_flame/frame_002.res
deleted file mode 100644
index 4764a9e..0000000
Binary files a/.summer/verification/profiles/focused_e2e_pass/AppData/Roaming/Godot/app_userdata/Leyforge/forge_end_to_end/bakes/products/presentation_test_forge_block_acceptance_machine/451a04ba2f85d16a/frames_magical_flame/frame_002.res and /dev/null differ
warning: unable to access '.summer/verification/profiles/focused_e2e_a/AppData/Roaming/Godot/app_userdata/Leyforge/forge_end_to_end/bakes/products/presentation_test_forge_block_acceptance_machine/451a04ba2f85d16a/frames_magical_flame/.gitattributes': Filename too long
warning: unable to access '.summer/verification/profiles/focused_e2e_a/AppData/Roaming/Godot/app_userdata/Leyforge/forge_end_to_end/bakes/products/presentation_test_forge_block_acceptance_machine/451a04ba2f85d16a/frames_magical_flame/.gitattributes': Filename too long
warning: unable to access '.summer/verification/profiles/focused_e2e_b/AppData/Roaming/Godot/app_userdata/Leyforge/forge_end_to_end/bakes/products/presentation_test_forge_block_acceptance_machine/451a04ba2f85d16a/frames_magical_flame/.gitattributes': Filename too long
warning: unable to access '.summer/verification/profiles/focused_e2e_b/AppData/Roaming/Godot/app_userdata/Leyforge/forge_end_to_end/bakes/products/presentation_test_forge_block_acceptance_machine/451a04ba2f85d16a/frames_magical_flame/.gitattributes': Filename too long
warning: unable to access '.summer/verification/profiles/focused_e2e_pass/AppData/Roaming/Godot/app_userdata/Leyforge/forge_end_to_end/bakes/products/presentation_test_forge_block_acceptance_machine/451a04ba2f85d16a/frames_magical_flame/.gitattributes': Filename too long
warning: unable to access '.summer/verification/profiles/focused_e2e_pass/AppData/Roaming/Godot/app_userdata/Leyforge/forge_end_to_end/bakes/products/presentation_test_forge_block_acceptance_machine/451a04ba2f85d16a/frames_magical_flame/.gitattributes': Filename too long
