Godot Engine v4.8.dev.custom_build.a9c94cd21 (2026-07-25 09:47:59 UTC) - https://godotengine.org

BlockRegistry: loaded 143 blocks
ItemRegistry: loaded 162 items
ProductionCatalogue: compiled 372 definitions (2b4a4da74c2b)
SETTLEMENT REGISTRY: 120 definitions, 120 blueprints, 120 projects, 25 packs
VoxelWorld: seed 1469285795, plan world.profile.living_frontier_regional:v4:3c6d2a82, prepared spawn column
MAIN: seed=1469285795 player at (40.5, 17.0, -39.5)
MAIN: saved 1 edits to user://verification_stage_a_worlds_56978675/world-1786338129-759f4215/world.json
VoxelWorld: seed 1469285795, plan world.profile.living_frontier_regional:v4:3c6d2a82, prepared spawn column
MAIN: seed=1469285795 player at (40.5, 17.0, -39.5)
MAIN: saved 0 edits to user://verification_stage_a_worlds_56978675/world-1786338129-19af14e4/world.json
VoxelWorld: seed 1469285795, plan world.profile.living_frontier_regional:v4:3c6d2a82, prepared spawn column
WARNING: MAIN: repaired unsafe saved player position (40.5, 16.82889, -39.5) -> (40.0, 13.05, -40.0)
   at: VariantUtilityFunctions::push_warning (core\variant\variant_utility.cpp:1033)
   GDScript backtrace (most recent call first):
       [0] _apply_save (res://scripts/main.gd:779)
       [1] _ready (res://scripts/main.gd:130)
       [2] _run (res://.summer/verification/world_lifecycle_probe.gd:141)
MAIN: seed=1469285795 player at (40.0, 13.05, -40.0)
WORLD_LIFECYCLE_PROBE {"checks":44,"failures":[],"ok":true}
RELEASE_QUALITY: clean session end (engine_shutdown)
