Godot Engine v4.8.dev.custom_build.a9c94cd21 (2026-07-25 09:47:59 UTC) - https://godotengine.org

ERROR: Failed to read the root certificate store.
   at: OS_Windows::get_system_ca_certificates (platform\windows\os_windows.cpp:2588)
BlockRegistry: loaded 143 blocks
ItemRegistry: loaded 169 items
SETTLEMENT REGISTRY: 120 definitions, 120 blueprints, 120 projects, 25 packs
ERROR: Cannot open file 'res://generated/forge/manifests/presentation_test_forge_block_acceptance_surface.tres'.
   at: ResourceFormatLoaderText::load (scene\resources\resource_format_text.cpp:1442)
   GDScript backtrace (most recent call first):
       [0] _bake_or_reuse (res://scripts/forge/tools/generate_forge_acceptance_suite.gd:234)
       [1] _run (res://scripts/forge/tools/generate_forge_acceptance_suite.gd:75)
ERROR: Failed loading resource: res://generated/forge/manifests/presentation_test_forge_block_acceptance_surface.tres.
   at: ResourceLoader::_load (core\io\resource_loader.cpp:317)
   GDScript backtrace (most recent call first):
       [0] _bake_or_reuse (res://scripts/forge/tools/generate_forge_acceptance_suite.gd:234)
       [1] _run (res://scripts/forge/tools/generate_forge_acceptance_suite.gd:75)
ERROR: Error loading resource: 'res://generated/forge/manifests/presentation_test_forge_block_acceptance_surface.tres'.
   at: CoreBind::ResourceLoader::load (core\core_bind.cpp:82)
   GDScript backtrace (most recent call first):
       [0] _bake_or_reuse (res://scripts/forge/tools/generate_forge_acceptance_suite.gd:234)
       [1] _run (res://scripts/forge/tools/generate_forge_acceptance_suite.gd:75)
ERROR: Cannot open file 'res://content/forge/assets/acceptance/forge_asset_test_forge_block_acceptance_surface.tres'.
   at: ResourceFormatLoaderText::load (scene\resources\resource_format_text.cpp:1442)
   GDScript backtrace (most recent call first):
       [0] _save_asset_if_changed (res://scripts/forge/tools/generate_forge_acceptance_suite.gd:246)
       [1] _run (res://scripts/forge/tools/generate_forge_acceptance_suite.gd:82)
ERROR: Failed loading resource: res://content/forge/assets/acceptance/forge_asset_test_forge_block_acceptance_surface.tres.
   at: ResourceLoader::_load (core\io\resource_loader.cpp:317)
   GDScript backtrace (most recent call first):
       [0] _save_asset_if_changed (res://scripts/forge/tools/generate_forge_acceptance_suite.gd:246)
       [1] _run (res://scripts/forge/tools/generate_forge_acceptance_suite.gd:82)
ERROR: Error loading resource: 'res://content/forge/assets/acceptance/forge_asset_test_forge_block_acceptance_surface.tres'.
   at: CoreBind::ResourceLoader::load (core\core_bind.cpp:82)
   GDScript backtrace (most recent call first):
       [0] _save_asset_if_changed (res://scripts/forge/tools/generate_forge_acceptance_suite.gd:246)
       [1] _run (res://scripts/forge/tools/generate_forge_acceptance_suite.gd:82)
ERROR: Cannot open file 'res://generated/forge/manifests/presentation_test_forge_block_acceptance_relay.tres'.
   at: ResourceFormatLoaderText::load (scene\resources\resource_format_text.cpp:1442)
   GDScript backtrace (most recent call first):
       [0] _bake_or_reuse (res://scripts/forge/tools/generate_forge_acceptance_suite.gd:234)
       [1] _run (res://scripts/forge/tools/generate_forge_acceptance_suite.gd:75)
ERROR: Failed loading resource: res://generated/forge/manifests/presentation_test_forge_block_acceptance_relay.tres.
   at: ResourceLoader::_load (core\io\resource_loader.cpp:317)
   GDScript backtrace (most recent call first):
       [0] _bake_or_reuse (res://scripts/forge/tools/generate_forge_acceptance_suite.gd:234)
       [1] _run (res://scripts/forge/tools/generate_forge_acceptance_suite.gd:75)
ERROR: Error loading resource: 'res://generated/forge/manifests/presentation_test_forge_block_acceptance_relay.tres'.
   at: CoreBind::ResourceLoader::load (core\core_bind.cpp:82)
   GDScript backtrace (most recent call first):
       [0] _bake_or_reuse (res://scripts/forge/tools/generate_forge_acceptance_suite.gd:234)
       [1] _run (res://scripts/forge/tools/generate_forge_acceptance_suite.gd:75)
ERROR: Cannot open file 'res://content/forge/assets/acceptance/forge_asset_test_forge_block_acceptance_relay.tres'.
   at: ResourceFormatLoaderText::load (scene\resources\resource_format_text.cpp:1442)
   GDScript backtrace (most recent call first):
       [0] _save_asset_if_changed (res://scripts/forge/tools/generate_forge_acceptance_suite.gd:246)
       [1] _run (res://scripts/forge/tools/generate_forge_acceptance_suite.gd:82)
ERROR: Failed loading resource: res://content/forge/assets/acceptance/forge_asset_test_forge_block_acceptance_relay.tres.
   at: ResourceLoader::_load (core\io\resource_loader.cpp:317)
   GDScript backtrace (most recent call first):
       [0] _save_asset_if_changed (res://scripts/forge/tools/generate_forge_acceptance_suite.gd:246)
       [1] _run (res://scripts/forge/tools/generate_forge_acceptance_suite.gd:82)
ERROR: Error loading resource: 'res://content/forge/assets/acceptance/forge_asset_test_forge_block_acceptance_relay.tres'.
   at: CoreBind::ResourceLoader::load (core\core_bind.cpp:82)
   GDScript backtrace (most recent call first):
       [0] _save_asset_if_changed (res://scripts/forge/tools/generate_forge_acceptance_suite.gd:246)
       [1] _run (res://scripts/forge/tools/generate_forge_acceptance_suite.gd:82)
ERROR: Cannot open file 'res://generated/forge/manifests/presentation_test_forge_block_acceptance_machine.tres'.
   at: ResourceFormatLoaderText::load (scene\resources\resource_format_text.cpp:1442)
   GDScript backtrace (most recent call first):
       [0] _bake_or_reuse (res://scripts/forge/tools/generate_forge_acceptance_suite.gd:234)
       [1] _run (res://scripts/forge/tools/generate_forge_acceptance_suite.gd:75)
ERROR: Failed loading resource: res://generated/forge/manifests/presentation_test_forge_block_acceptance_machine.tres.
   at: ResourceLoader::_load (core\io\resource_loader.cpp:317)
   GDScript backtrace (most recent call first):
       [0] _bake_or_reuse (res://scripts/forge/tools/generate_forge_acceptance_suite.gd:234)
       [1] _run (res://scripts/forge/tools/generate_forge_acceptance_suite.gd:75)
ERROR: Error loading resource: 'res://generated/forge/manifests/presentation_test_forge_block_acceptance_machine.tres'.
   at: CoreBind::ResourceLoader::load (core\core_bind.cpp:82)
   GDScript backtrace (most recent call first):
       [0] _bake_or_reuse (res://scripts/forge/tools/generate_forge_acceptance_suite.gd:234)
       [1] _run (res://scripts/forge/tools/generate_forge_acceptance_suite.gd:75)
ERROR: Cannot open file 'res://content/forge/assets/acceptance/forge_asset_test_forge_block_acceptance_machine.tres'.
   at: ResourceFormatLoaderText::load (scene\resources\resource_format_text.cpp:1442)
   GDScript backtrace (most recent call first):
       [0] _save_asset_if_changed (res://scripts/forge/tools/generate_forge_acceptance_suite.gd:246)
       [1] _run (res://scripts/forge/tools/generate_forge_acceptance_suite.gd:82)
ERROR: Failed loading resource: res://content/forge/assets/acceptance/forge_asset_test_forge_block_acceptance_machine.tres.
   at: ResourceLoader::_load (core\io\resource_loader.cpp:317)
   GDScript backtrace (most recent call first):
       [0] _save_asset_if_changed (res://scripts/forge/tools/generate_forge_acceptance_suite.gd:246)
       [1] _run (res://scripts/forge/tools/generate_forge_acceptance_suite.gd:82)
ERROR: Error loading resource: 'res://content/forge/assets/acceptance/forge_asset_test_forge_block_acceptance_machine.tres'.
   at: CoreBind::ResourceLoader::load (core\core_bind.cpp:82)
   GDScript backtrace (most recent call first):
       [0] _save_asset_if_changed (res://scripts/forge/tools/generate_forge_acceptance_suite.gd:246)
       [1] _run (res://scripts/forge/tools/generate_forge_acceptance_suite.gd:82)
ERROR: Cannot open file 'res://generated/forge/manifests/presentation_test_forge_item_acceptance_tool.tres'.
   at: ResourceFormatLoaderText::load (scene\resources\resource_format_text.cpp:1442)
   GDScript backtrace (most recent call first):
       [0] _bake_or_reuse (res://scripts/forge/tools/generate_forge_acceptance_suite.gd:234)
       [1] _run (res://scripts/forge/tools/generate_forge_acceptance_suite.gd:75)
ERROR: Failed loading resource: res://generated/forge/manifests/presentation_test_forge_item_acceptance_tool.tres.
   at: ResourceLoader::_load (core\io\resource_loader.cpp:317)
   GDScript backtrace (most recent call first):
       [0] _bake_or_reuse (res://scripts/forge/tools/generate_forge_acceptance_suite.gd:234)
       [1] _run (res://scripts/forge/tools/generate_forge_acceptance_suite.gd:75)
ERROR: Error loading resource: 'res://generated/forge/manifests/presentation_test_forge_item_acceptance_tool.tres'.
   at: CoreBind::ResourceLoader::load (core\core_bind.cpp:82)
   GDScript backtrace (most recent call first):
       [0] _bake_or_reuse (res://scripts/forge/tools/generate_forge_acceptance_suite.gd:234)
       [1] _run (res://scripts/forge/tools/generate_forge_acceptance_suite.gd:75)
ERROR: Cannot open file 'res://content/forge/assets/acceptance/forge_asset_test_forge_item_acceptance_tool.tres'.
   at: ResourceFormatLoaderText::load (scene\resources\resource_format_text.cpp:1442)
   GDScript backtrace (most recent call first):
       [0] _save_asset_if_changed (res://scripts/forge/tools/generate_forge_acceptance_suite.gd:246)
       [1] _run (res://scripts/forge/tools/generate_forge_acceptance_suite.gd:82)
ERROR: Failed loading resource: res://content/forge/assets/acceptance/forge_asset_test_forge_item_acceptance_tool.tres.
   at: ResourceLoader::_load (core\io\resource_loader.cpp:317)
   GDScript backtrace (most recent call first):
       [0] _save_asset_if_changed (res://scripts/forge/tools/generate_forge_acceptance_suite.gd:246)
       [1] _run (res://scripts/forge/tools/generate_forge_acceptance_suite.gd:82)
ERROR: Error loading resource: 'res://content/forge/assets/acceptance/forge_asset_test_forge_item_acceptance_tool.tres'.
   at: CoreBind::ResourceLoader::load (core\core_bind.cpp:82)
   GDScript backtrace (most recent call first):
       [0] _save_asset_if_changed (res://scripts/forge/tools/generate_forge_acceptance_suite.gd:246)
       [1] _run (res://scripts/forge/tools/generate_forge_acceptance_suite.gd:82)
FORGE_ACCEPTANCE_SUITE_GENERATOR {"asset_count":4,"assets":["forge_asset.test.forge.block.acceptance_surface","forge_asset.test.forge.block.acceptance_relay","forge_asset.test.forge.block.acceptance_machine","forge_asset.test.forge.item.acceptance_tool"],"deterministic_hash":"2aa0576e5e1bad16df1cdf99222b5e5625fd79c1ab8012b684ee447fb80bb43c","failures":[],"ok":true}
